Archive member included because of file (symbol)

/Applications/CrossWorks for ARM 3.1/lib/libm_v7m_t_le_eabi.a(libm_asm.o)
                              coCPU_firmware THUMB Release/gfx_2d.o (__aeabi_i2f)
/Applications/CrossWorks for ARM 3.1/lib/libm_v7m_t_le_eabi.a(libm2.o)
                              coCPU_firmware THUMB Release/gfx_3d.o (cos)
/Applications/CrossWorks for ARM 3.1/lib/libm_v7m_t_le_eabi.a(libm2_asm.o)
                              /Applications/CrossWorks for ARM 3.1/lib/libm_v7m_t_le_eabi.a(libm2.o) (fabs)
/Applications/CrossWorks for ARM 3.1/lib/libc_v7m_t_le_eabi.a(libc2.o)
                              coCPU_firmware THUMB Release/gfx_2d.o (abs)
/Applications/CrossWorks for ARM 3.1/lib/libc_v7m_t_le_eabi.a(libc2_asm.o)
                              /Applications/CrossWorks for ARM 3.1/lib/libc_v7m_t_le_eabi.a(libc2.o) (memcpy)
/Applications/CrossWorks for ARM 3.1/lib/libc_v7m_t_le_eabi.a(libc_asm.o)
                              /Applications/CrossWorks for ARM 3.1/lib/libc_v7m_t_le_eabi.a(libc2.o) (__aeabi_uldivmod)
/Applications/CrossWorks for ARM 3.1/lib/libcpp_v7m_t_le_eabi.a(__aeabi_atexit.o)
                              coCPU_firmware THUMB Release/gfx_3d.o (__aeabi_atexit)
/Applications/CrossWorks for ARM 3.1/lib/libcpp_v7m_t_le_eabi.a(__cxa_atexit.o)
                              coCPU_firmware THUMB Release/gfx_3d.o (__dso_handle)
/Applications/CrossWorks for ARM 3.1/lib/lib_vfprintf_float_long_long_v7m_t_le_eabi.a(lib_vfprintf_float_long_long.o)
                              /Applications/CrossWorks for ARM 3.1/lib/libc_v7m_t_le_eabi.a(libc2.o) (__vfprintf)
/Applications/CrossWorks for ARM 3.1/lib/lib_vfscanf_float_long_long_cc_v7m_t_le_eabi.a(lib_vfscanf_float_long_long_cc.o)
                              /Applications/CrossWorks for ARM 3.1/lib/libc_v7m_t_le_eabi.a(libc2.o) (__vfscanf)
/Applications/CrossWorks for ARM 3.1/lib/libc_user_libc_v7m_t_le_eabi.a(user_libc.o)
                              /Applications/CrossWorks for ARM 3.1/lib/libc_v7m_t_le_eabi.a(libc2.o) (__aeabi_read_tp)

Discarded input sections

 .text          0x00000000        0x0 coCPU_firmware THUMB Release/misc.o
 .data          0x00000000        0x0 coCPU_firmware THUMB Release/misc.o
 .bss           0x00000000        0x0 coCPU_firmware THUMB Release/misc.o
 .text.NVIC_PriorityGroupConfig
                0x00000000       0x14 coCPU_firmware THUMB Release/misc.o
 .text.NVIC_Init
                0x00000000       0x70 coCPU_firmware THUMB Release/misc.o
 .text.NVIC_SetVectorTable
                0x00000000       0x14 coCPU_firmware THUMB Release/misc.o
 .text.NVIC_SystemLPConfig
                0x00000000       0x18 coCPU_firmware THUMB Release/misc.o
 .text.SysTick_CLKSourceConfig
                0x00000000       0x18 coCPU_firmware THUMB Release/misc.o
 .debug_frame   0x00000000       0x6c coCPU_firmware THUMB Release/misc.o
 .debug_info    0x00000000       0x73 coCPU_firmware THUMB Release/misc.o
 .debug_abbrev  0x00000000       0x26 coCPU_firmware THUMB Release/misc.o
 .debug_aranges
                0x00000000       0x40 coCPU_firmware THUMB Release/misc.o
 .debug_ranges  0x00000000       0x30 coCPU_firmware THUMB Release/misc.o
 .debug_line    0x00000000       0x69 coCPU_firmware THUMB Release/misc.o
 .debug_str     0x00000000      0x1af coCPU_firmware THUMB Release/misc.o
 .comment       0x00000000       0x4f coCPU_firmware THUMB Release/misc.o
 .ARM.attributes
                0x00000000       0x33 coCPU_firmware THUMB Release/misc.o
 .text          0x00000000        0x0 coCPU_firmware THUMB Release/stm32f10x_adc.o
 .data          0x00000000        0x0 coCPU_firmware THUMB Release/stm32f10x_adc.o
 .bss           0x00000000        0x0 coCPU_firmware THUMB Release/stm32f10x_adc.o
 .text.ADC_DeInit
                0x00000000       0x80 coCPU_firmware THUMB Release/stm32f10x_adc.o
 .text.ADC_Init
                0x00000000       0xf0 coCPU_firmware THUMB Release/stm32f10x_adc.o
 .text.ADC_StructInit
                0x00000000       0x14 coCPU_firmware THUMB Release/stm32f10x_adc.o
 .text.ADC_Cmd  0x00000000       0x4c coCPU_firmware THUMB Release/stm32f10x_adc.o
 .text.ADC_DMACmd
                0x00000000       0x44 coCPU_firmware THUMB Release/stm32f10x_adc.o
 .text.ADC_ITConfig
                0x00000000       0x6c coCPU_firmware THUMB Release/stm32f10x_adc.o
 .text.ADC_ResetCalibration
                0x00000000       0x34 coCPU_firmware THUMB Release/stm32f10x_adc.o
 .text.ADC_GetResetCalibrationStatus
                0x00000000       0x3c coCPU_firmware THUMB Release/stm32f10x_adc.o
 .text.ADC_StartCalibration
                0x00000000       0x34 coCPU_firmware THUMB Release/stm32f10x_adc.o
 .text.ADC_GetCalibrationStatus
                0x00000000       0x3c coCPU_firmware THUMB Release/stm32f10x_adc.o
 .text.ADC_SoftwareStartConvCmd
                0x00000000       0x4c coCPU_firmware THUMB Release/stm32f10x_adc.o
 .text.ADC_GetSoftwareStartConvStatus
[...]
Memory Configuration

Name             Origin             Length             Attributes
UNPLACED_SECTIONS 0xffffffff         0x00000000         xw
FLASH            0x08000000         0x00008000         xr
RAM              0x20000000         0x00002800         xw
APB1             0x40000000         0x00010000         xw
APB2             0x40010000         0x00018000         xw
AHB              0x40020000         0x00003400         xw
PPB              0xe0000000         0x00100000         xw
DBG              0xe0042000         0x00000010         xw
CM3_System_Control_Space 0xe000e000         0x00001000         xw
*default*        0x00000000         0xffffffff

Linker script and memory map

                0x08000000                __FLASH_segment_start__ = 0x8000000
                0x08008000                __FLASH_segment_end__ = 0x8008000
                0x20000000                __RAM_segment_start__ = 0x20000000
                0x20002800                __RAM_segment_end__ = 0x20002800
                0x40000000                __APB1_segment_start__ = 0x40000000
                0x40010000                __APB1_segment_end__ = 0x40010000
                0x40010000                __APB2_segment_start__ = 0x40010000
                0x40028000                __APB2_segment_end__ = 0x40028000
                0x40020000                __AHB_segment_start__ = 0x40020000
                0x40023400                __AHB_segment_end__ = 0x40023400
                0xe0000000                __PPB_segment_start__ = 0xe0000000
                0xe0100000                __PPB_segment_end__ = 0xe0100000
                0xe0042000                __DBG_segment_start__ = 0xe0042000
                0xe0042010                __DBG_segment_end__ = 0xe0042010
                0xe000e000                __CM3_System_Control_Space_segment_start__ = 0xe000e000
                0xe000f000                __CM3_System_Control_Space_segment_end__ = 0xe000f000
                0x00000080                __HEAPSIZE__ = 0x80
                0x00000000                __STACKSIZE_ABT__ = 0x0
                0x00000000                __STACKSIZE_FIQ__ = 0x0
                0x00000000                __STACKSIZE_IRQ__ = 0x0
                0x00000000                __STACKSIZE_PROCESS__ = 0x0
                0x00000000                __STACKSIZE_SVC__ = 0x0
                0x00000000                __STACKSIZE_UND__ = 0x0
                0x00000100                __STACKSIZE__ = 0x100
                0x20000000                __vectors_ram_load_start__ = ALIGN (__RAM_segment_start__, 0x100)

.vectors_ram    0x20000000        0x0
                0x20000000                __vectors_ram_start__ = .
 *(.vectors_ram .vectors_ram.*)
                0x20000000                __vectors_ram_end__ = (__vectors_ram_start__ + SIZEOF (.vectors_ram))
                0x20000000                __vectors_ram_load_end__ = __vectors_ram_end__
                0x00000001                . = ASSERT (((__vectors_ram_start__ == __vectors_ram_end__) || ((__vectors_ram_end__ >= __RAM_segment_start__) && (__vectors_ram_end__ <= __RAM_segment_end__))), error: .vectors_ram is too large to fit in RAM memory segment)
                0x08000000                __vectors_load_start__ = ALIGN (__FLASH_segment_start__, 0x100)

.vectors        0x08000000       0xec
                0x08000000                __vectors_start__ = .
 *(.vectors .vectors.*)
 .vectors       0x08000000       0xec coCPU_firmware THUMB Release/STM32_Startup.o
                0x08000000                _vectors
                0x080000ec                __vectors_end__ = (__vectors_start__ + SIZEOF (.vectors))
                0x080000ec                __vectors_load_end__ = __vectors_end__
                0x00000001                . = ASSERT (((__vectors_start__ == __vectors_end__) || ((__vectors_end__ >= __FLASH_segment_start__) && (__vectors_end__ <= __FLASH_segment_end__))), error: .vectors is too large to fit in FLASH memory segment)
                0x080000ec                __init_load_start__ = ALIGN (__vectors_end__, 0x4)

.init           0x080000ec      0x1d4
                0x080000ec                __init_start__ = .
 *(.init .init.*)
 .init          0x080000ec      0x154 coCPU_firmware THUMB Release/thumb_crt0.o
                0x080000ec                _start
                0x08000198                exit
                0x080001bc                __putchar
                0x080001bc                __getchar
 .init          0x08000240       0x80 coCPU_firmware THUMB Release/STM32_Startup.o
                0x08000240                NMI_Handler
                0x08000242                HardFault_Handler
                0x08000244                MemManage_Handler
                0x08000246                BusFault_Handler
                0x08000248                UsageFault_Handler
                0x0800024a                SVC_Handler
                0x0800024c                DebugMon_Handler
                0x0800024e                PendSV_Handler
                0x08000250                SysTick_Handler
                0x08000252                WWDG_IRQHandler
                0x08000254                PVD_IRQHandler
                0x08000256                TAMPER_IRQHandler
                0x08000258                RTC_IRQHandler
                0x0800025a                FLASH_IRQHandler
                0x0800025c                RCC_IRQHandler
                0x0800025e                EXTI0_IRQHandler
                0x08000260                EXTI1_IRQHandler
                0x08000262                EXTI2_IRQHandler
                0x08000264                EXTI3_IRQHandler
                0x08000266                EXTI4_IRQHandler
                0x08000268                DMA1_Channel1_IRQHandler
                0x0800026a                DMA1_Channel2_IRQHandler
                0x0800026c                DMA1_Channel3_IRQHandler
                0x0800026e                DMA1_Channel4_IRQHandler
                0x08000270                DMA1_Channel5_IRQHandler
                0x08000272                DMA1_Channel6_IRQHandler
                0x08000274                DMA1_Channel7_IRQHandler
                0x08000276                ADC1_2_IRQHandler
                0x08000278                USB_HP_CAN1_TX_IRQHandler
                0x0800027a                USB_LP_CAN1_RX0_IRQHandler
                0x0800027c                CAN1_RX1_IRQHandler
                0x0800027e                CAN1_SCE_IRQHandler
                0x08000280                EXTI9_5_IRQHandler
                0x08000282                TIM1_BRK_IRQHandler
                0x08000284                TIM1_UP_IRQHandler
                0x08000286                TIM1_TRG_COM_IRQHandler
                0x08000288                TIM1_CC_IRQHandler
                0x0800028a                TIM2_IRQHandler
                0x0800028c                TIM3_IRQHandler
                0x0800028e                I2C1_EV_IRQHandler
                0x08000290                I2C1_ER_IRQHandler
                0x08000292                SPI1_IRQHandler
                0x08000294                USART1_IRQHandler
                0x08000296                USART2_IRQHandler
                0x08000298                EXTI15_10_IRQHandler
                0x0800029a                RTCAlarm_IRQHandler
                0x0800029c                USBWakeUp_IRQHandler
                0x0800029e                reset_handler
                0x080002c0                __init_end__ = (__init_start__ + SIZEOF (.init))
                0x080002c0                __init_load_end__ = __init_end__
                0x00000001                . = ASSERT (((__init_start__ == __init_end__) || ((__init_end__ >= __FLASH_segment_start__) && (__init_end__ <= __FLASH_segment_end__))), error: .init is too large to fit in FLASH memory segment)
                0x080002c0                __text_load_start__ = ALIGN (__init_end__, 0x4)

.text           0x080002c0     0x38dc
                0x080002c0                __text_start__ = .
 *(.text .text.* .glue_7t .glue_7 .gnu.linkonce.t.* .gcc_except_table .ARM.extab* .gnu.linkonce.armextab.*)
 .glue_7        0x00000000        0x0 linker stubs
 .glue_7t       0x00000000        0x0 linker stubs
 .text.FLASH_SetLatency
                0x080002c0       0x14 coCPU_firmware THUMB Release/stm32f10x_flash.o
                0x080002c0                FLASH_SetLatency
 .text.FLASH_PrefetchBufferCmd
                0x080002d4       0x18 coCPU_firmware THUMB Release/stm32f10x_flash.o
                0x080002d4                FLASH_PrefetchBufferCmd
 .text.GPIO_Init
                0x080002ec      0x3cc coCPU_firmware THUMB Release/stm32f10x_gpio.o
                0x080002ec                GPIO_Init
 .text.GPIO_ReadInputDataBit
                0x080006b8        0xc coCPU_firmware THUMB Release/stm32f10x_gpio.o
                0x080006b8                GPIO_ReadInputDataBit
 .text.RCC_PLLConfig
                0x080006c4       0x14 coCPU_firmware THUMB Release/stm32f10x_rcc.o
                0x080006c4                RCC_PLLConfig
 .text.RCC_PLLCmd
                0x080006d8        0xc coCPU_firmware THUMB Release/stm32f10x_rcc.o
                0x080006d8                RCC_PLLCmd
 .text.RCC_SYSCLKConfig
                0x080006e4       0x14 coCPU_firmware THUMB Release/stm32f10x_rcc.o
                0x080006e4                RCC_SYSCLKConfig
 .text.RCC_GetSYSCLKSource
                0x080006f8       0x10 coCPU_firmware THUMB Release/stm32f10x_rcc.o
                0x080006f8                RCC_GetSYSCLKSource
 .text.RCC_HCLKConfig
                0x08000708       0x14 coCPU_firmware THUMB Release/stm32f10x_rcc.o
                0x08000708                RCC_HCLKConfig
 .text.RCC_PCLK1Config
                0x0800071c       0x14 coCPU_firmware THUMB Release/stm32f10x_rcc.o
                0x0800071c                RCC_PCLK1Config
 .text.RCC_PCLK2Config
                0x08000730       0x14 coCPU_firmware THUMB Release/stm32f10x_rcc.o
                0x08000730                RCC_PCLK2Config
 .text.RCC_GetClocksFreq
                0x08000744       0x94 coCPU_firmware THUMB Release/stm32f10x_rcc.o
                0x08000744                RCC_GetClocksFreq
 .text.RCC_APB2PeriphClockCmd
                0x080007d8       0x18 coCPU_firmware THUMB Release/stm32f10x_rcc.o
                0x080007d8                RCC_APB2PeriphClockCmd
 .text.RCC_GetFlagStatus
                0x080007f0       0x30 coCPU_firmware THUMB Release/stm32f10x_rcc.o
                0x080007f0                RCC_GetFlagStatus
 .text.SystemInit
                0x08000820      0x108 coCPU_firmware THUMB Release/system_stm32f10x.o
                0x08000820                SystemInit
 .text._Z12gfx_2d_clearv
                0x08000928       0x20 coCPU_firmware THUMB Release/gfx_2d.o
                0x08000928                gfx_2d_clear()
 .text._Z16gfx_2d_characteriiiii
                0x08000948      0x490 coCPU_firmware THUMB Release/gfx_2d.o
                0x08000948                gfx_2d_character(int, int, int, int, int)
 .text._Z13gfx_2d_stringPciiiii
                0x08000dd8       0x3c coCPU_firmware THUMB Release/gfx_2d.o
                0x08000dd8                gfx_2d_string(char*, int, int, int, int, int)
 .text._Z20gfx_2d_fill_triangle5pointS_S_i
                0x08000e14      0x7c0 coCPU_firmware THUMB Release/gfx_2d.o
                0x08000e14                gfx_2d_fill_triangle(point, point, point, int)
 .text._ZN6CameraD2Ev
                0x080015d4        0x4 coCPU_firmware THUMB Release/gfx_3d.o
                0x080015d4                Camera::~Camera()
                0x080015d4                Camera::~Camera()
 .text.__tcf_0  0x080015d8       0xa0 coCPU_firmware THUMB Release/gfx_3d.o
 .text._ZN9obj3D_Box5resetEv
                0x08001678       0xcc coCPU_firmware THUMB Release/gfx_3d.o
                0x08001678                obj3D_Box::reset()
 *fill*         0x08001744        0x4 
 .text._ZN9obj3D_Box6updateEv
                0x08001748      0x6b8 coCPU_firmware THUMB Release/gfx_3d.o
                0x08001748                obj3D_Box::update()
 .text._ZN6Camera6renderEPh
                0x08001e00      0x278 coCPU_firmware THUMB Release/gfx_3d.o
                0x08001e00                Camera::render(unsigned char*)
 .text._Z10gfx3dsetupv
                0x08002078      0x128 coCPU_firmware THUMB Release/gfx_3d.o
                0x08002078                gfx3dsetup()
 .text._Z13gfx3dperiodicv
                0x080021a0       0x5c coCPU_firmware THUMB Release/gfx_3d.o
                0x080021a0                gfx3dperiodic()
 .text.startup._GLOBAL__sub_I_brightness_3d
                0x080021fc       0x64 coCPU_firmware THUMB Release/gfx_3d.o
 .text._Z15HW_CONTROL_initv
                0x08002260       0x38 coCPU_firmware THUMB Release/hw_control.o
                0x08002260                HW_CONTROL_init()
 .text._Z22HW_CONTROL_ENABLE_CALCv
                0x08002298        0xc coCPU_firmware THUMB Release/hw_control.o
                0x08002298                HW_CONTROL_ENABLE_CALC()
 .text._Z23HW_CONTROL_CLICK_ON_KEYv
                0x080022a4       0x34 coCPU_firmware THUMB Release/hw_control.o
                0x080022a4                HW_CONTROL_CLICK_ON_KEY()
 .text._Z9LINK_initv
                0x080022d8       0x54 coCPU_firmware THUMB Release/linkport.o
                0x080022d8                LINK_init()
 .text._Z13LINK_get_bytev
                0x0800232c       0xdc coCPU_firmware THUMB Release/linkport.o
                0x0800232c                LINK_get_byte()
 .text._Z23LINK_transfer_framedatav
                0x08002408      0x320 coCPU_firmware THUMB Release/linkport.o
                0x08002408                LINK_transfer_framedata()
 .text._Z14LINK_send_byteh
                0x08002728       0x9c coCPU_firmware THUMB Release/linkport.o
                0x08002728                LINK_send_byte(unsigned char)
 .text._Z12LINK_send_osv
                0x080027c4      0x2fc coCPU_firmware THUMB Release/linkport.o
                0x080027c4                LINK_send_os()
 .text._Z21SysClkSetHSI_4xPLLMulj
                0x08002ac0       0x7c coCPU_firmware THUMB Release/main.o
                0x08002ac0                SysClkSetHSI_4xPLLMul(unsigned int)
 .text.startup.main
                0x08002b3c       0xd0 coCPU_firmware THUMB Release/main.o
                0x08002b3c                main
 .text.libc.__int32_to_float32
                0x08002c0c       0x30 /Applications/CrossWorks for ARM 3.1/lib/libm_v7m_t_le_eabi.a(libm_asm.o)
                0x08002c0c                __aeabi_i2f
                0x08002c0c                __int32_to_float32
                0x08002c0c                __floatsisf
                0x08002c1c                __int32_to_float32_common
 .text.libc.__int32_to_float64
                0x08002c3c       0x30 /Applications/CrossWorks for ARM 3.1/lib/libm_v7m_t_le_eabi.a(libm_asm.o)
                0x08002c3c                __floatsidf
                0x08002c3c                __aeabi_i2d
                0x08002c3c                __int32_to_float64
 .text.libc.__uint32_to_float64
                0x08002c6c       0x24 /Applications/CrossWorks for ARM 3.1/lib/libm_v7m_t_le_eabi.a(libm_asm.o)
                0x08002c6c                __uint32_to_float64
                0x08002c6c                __aeabi_ui2d
                0x08002c6c                __floatunsidf
 .text.libc.__float32_to_int32
                0x08002c90       0x40 /Applications/CrossWorks for ARM 3.1/lib/libm_v7m_t_le_eabi.a(libm_asm.o)
                0x08002c90                __fixsfsi
                0x08002c90                __float32_to_int32
                0x08002c90                __aeabi_f2iz
 .text.libc.__float64_to_int32
                0x08002cd0       0x50 /Applications/CrossWorks for ARM 3.1/lib/libm_v7m_t_le_eabi.a(libm_asm.o)
                0x08002cd0                __fixdfsi
                0x08002cd0                __aeabi_d2iz
                0x08002cd0                __float64_to_int32
 .text.libc.__float64_to_uint32
                0x08002d20       0x2c /Applications/CrossWorks for ARM 3.1/lib/libm_v7m_t_le_eabi.a(libm_asm.o)
                0x08002d20                __fixunsdfsi
                0x08002d20                __aeabi_d2uiz
                0x08002d20                __float64_to_uint32
 .text.libc.__float32_to_float64
                0x08002d4c       0x38 /Applications/CrossWorks for ARM 3.1/lib/libm_v7m_t_le_eabi.a(libm_asm.o)
                0x08002d4c                __extendsfdf2
                0x08002d4c                __float32_to_float64
                0x08002d4c                __aeabi_f2d
 .text.libc.__float64_to_float32
                0x08002d84       0x70 /Applications/CrossWorks for ARM 3.1/lib/libm_v7m_t_le_eabi.a(libm_asm.o)
                0x08002d84                __aeabi_d2f
                0x08002d84                __truncdfsf2
                0x08002d84                __float64_to_float32
 .text.libc.__float32_add
                0x08002df4      0x138 /Applications/CrossWorks for ARM 3.1/lib/libm_v7m_t_le_eabi.a(libm_asm.o)
                0x08002df4                __aeabi_frsub
                0x08002dfc                __subsf3
                0x08002dfc                __float32_sub
                0x08002dfc                __aeabi_fsub
                0x08002e00                __aeabi_fadd
                0x08002e00                __addsf3
                0x08002e00                __float32_add
 .text.libc.__float32_mul
                0x08002f2c       0xd4 /Applications/CrossWorks for ARM 3.1/lib/libm_v7m_t_le_eabi.a(libm_asm.o)
                0x08002f2c                __float32_mul
                0x08002f2c                __mulsf3
                0x08002f2c                __aeabi_fmul
 .text.libc.__float32_div
                0x08003000      0x1e0 /Applications/CrossWorks for ARM 3.1/lib/libm_v7m_t_le_eabi.a(libm_asm.o)
                0x08003000                __divsf3
                0x08003000                __aeabi_fdiv
                0x08003000                __float32_div
 .text.libc.__aeabi_fcmpeq
                0x080031e0       0x1c /Applications/CrossWorks for ARM 3.1/lib/libm_v7m_t_le_eabi.a(libm_asm.o)
                0x080031e0                __aeabi_fcmpeq
 .text.libc.__aeabi_fcmplt
                0x080031fc       0x30 /Applications/CrossWorks for ARM 3.1/lib/libm_v7m_t_le_eabi.a(libm_asm.o)
                0x080031fc                __aeabi_fcmplt
 .text.libc.__aeabi_fcmpgt
                0x0800322c       0x30 /Applications/CrossWorks for ARM 3.1/lib/libm_v7m_t_le_eabi.a(libm_asm.o)
                0x0800322c                __aeabi_fcmpgt
 .text.libc.__aeabi_fcmpge
                0x0800325c       0x34 /Applications/CrossWorks for ARM 3.1/lib/libm_v7m_t_le_eabi.a(libm_asm.o)
                0x0800325c                __aeabi_fcmpge
 .text.libc.__float64_add
                0x08003290      0x294 /Applications/CrossWorks for ARM 3.1/lib/libm_v7m_t_le_eabi.a(libm_asm.o)
                0x08003290                __aeabi_drsub
                0x08003298                __float64_sub
                0x08003298                __aeabi_dsub
                0x08003298                __subdf3
                0x0800329c                __aeabi_dadd
                0x0800329c                __float64_add
                0x0800329c                __adddf3
 .text.libc.__float64_mul
                0x08003524      0x16c /Applications/CrossWorks for ARM 3.1/lib/libm_v7m_t_le_eabi.a(libm_asm.o)
                0x08003524                __aeabi_dmul
                0x08003524                __float64_mul
                0x08003524                __muldf3
 .text.libc.__float64_cmplt
                0x08003690       0x38 /Applications/CrossWorks for ARM 3.1/lib/libm_v7m_t_le_eabi.a(libm_asm.o)
                0x08003690                __aeabi_dcmplt
 .text.libc.__float64_cmpgt
                0x080036c8       0x38 /Applications/CrossWorks for ARM 3.1/lib/libm_v7m_t_le_eabi.a(libm_asm.o)
                0x080036c8                __aeabi_dcmpgt
 .text.libc.cos
                0x08003700      0x1c8 /Applications/CrossWorks for ARM 3.1/lib/libm_v7m_t_le_eabi.a(libm2.o)
                0x08003700                cos
 .text.libc.sin
                0x080038c8      0x1c8 /Applications/CrossWorks for ARM 3.1/lib/libm_v7m_t_le_eabi.a(libm2.o)
                0x080038c8                sin
 .text.libc.fabs
                0x08003a90        0x8 /Applications/CrossWorks for ARM 3.1/lib/libm_v7m_t_le_eabi.a(libm2_asm.o)
                0x08003a90                fabs
 .text.libc.floorf
                0x08003a98       0x5c /Applications/CrossWorks for ARM 3.1/lib/libm_v7m_t_le_eabi.a(libm2_asm.o)
                0x08003a98                floorf
 .text.libc.abs
                0x08003af4        0x8 /Applications/CrossWorks for ARM 3.1/lib/libc_v7m_t_le_eabi.a(libc2.o)
                0x08003af4                abs
 .text.libc.atexit
                0x08003afc       0x24 /Applications/CrossWorks for ARM 3.1/lib/libc_v7m_t_le_eabi.a(libc2.o)
                0x08003afc                atexit
 .text.libc.memset
                0x08003b20       0x70 /Applications/CrossWorks for ARM 3.1/lib/libc_v7m_t_le_eabi.a(libc2_asm.o)
                0x08003b20                memset
 .text.libcpp.__aeabi_atexit
                0x08003b90        0xc /Applications/CrossWorks for ARM 3.1/lib/libcpp_v7m_t_le_eabi.a(__aeabi_atexit.o)
                0x08003b90                __aeabi_atexit
                0x08003b9c                __text_end__ = (__text_start__ + SIZEOF (.text))
                0x08003b9c                __text_load_end__ = __text_end__

.vfp11_veneer   0x00000000        0x0
 .vfp11_veneer  0x00000000        0x0 linker stubs

.v4_bx          0x00000000        0x0
 .v4_bx         0x00000000        0x0 linker stubs

.iplt           0x00000000        0x0
 .iplt          0x00000000        0x0 coCPU_firmware THUMB Release/misc.o
                0x00000001                . = ASSERT (((__text_start__ == __text_end__) || ((__text_end__ >= __FLASH_segment_start__) && (__text_end__ <= __FLASH_segment_end__))), error: .text is too large to fit in FLASH memory segment)
                0x08003b9c                __dtors_load_start__ = ALIGN (__text_end__, 0x4)

.dtors          0x08003b9c        0x0
                0x08003b9c                __dtors_start__ = .
 *(SORT(.dtors.*))
 *(.dtors)
 *(.fini_array .fini_array.*)
                0x08003b9c                __dtors_end__ = (__dtors_start__ + SIZEOF (.dtors))
                0x08003b9c                __dtors_load_end__ = __dtors_end__
                0x00000001                . = ASSERT (((__dtors_start__ == __dtors_end__) || ((__dtors_end__ >= __FLASH_segment_start__) && (__dtors_end__ <= __FLASH_segment_end__))), error: .dtors is too large to fit in FLASH memory segment)
                0x08003b9c                __ctors_load_start__ = ALIGN (__dtors_end__, 0x4)

.ctors          0x08003b9c        0x4
                0x08003b9c                __ctors_start__ = .
 *(SORT(.ctors.*))
 *(.ctors)
 *(.init_array .init_array.*)
 .init_array    0x08003b9c        0x4 coCPU_firmware THUMB Release/gfx_3d.o
                0x08003ba0                __ctors_end__ = (__ctors_start__ + SIZEOF (.ctors))
                0x08003ba0                __ctors_load_end__ = __ctors_end__
                0x00000001                . = ASSERT (((__ctors_start__ == __ctors_end__) || ((__ctors_end__ >= __FLASH_segment_start__) && (__ctors_end__ <= __FLASH_segment_end__))), error: .ctors is too large to fit in FLASH memory segment)
                0x08003ba0                __rodata_load_start__ = ALIGN (__ctors_end__, 0x4)

.rodata         0x08003ba0     0x231c
                0x08003ba0                __rodata_start__ = .
 *(.rodata .rodata.* .gnu.linkonce.r.*)
 .rodata._ZL12font_default
                0x08003ba0      0x28c coCPU_firmware THUMB Release/gfx_2d.o
 .rodata._ZL11framemask_1
                0x08003e2c      0x100 coCPU_firmware THUMB Release/linkport.o
 .rodata._ZL11framemask_2
                0x08003f2c      0x780 coCPU_firmware THUMB Release/linkport.o
 .rodata._ZL4img1
                0x080046ac     0x1800 coCPU_firmware THUMB Release/main.o
 .rodata.str1.4
                0x08005eac       0x10 coCPU_firmware THUMB Release/main.o
                0x08005ebc                __rodata_end__ = (__rodata_start__ + SIZEOF (.rodata))
                0x08005ebc                __rodata_load_end__ = __rodata_end__

.rel.dyn        0x08000000        0x0
 .rel.iplt      0x00000000        0x0 coCPU_firmware THUMB Release/misc.o
                0x00000001                . = ASSERT (((__rodata_start__ == __rodata_end__) || ((__rodata_end__ >= __FLASH_segment_start__) && (__rodata_end__ <= __FLASH_segment_end__))), error: .rodata is too large to fit in FLASH memory segment)
                0x08005ebc                __ARM.exidx_load_start__ = ALIGN (__rodata_end__, 0x4)

.ARM.exidx      0x08005ebc        0x0
                0x08005ebc                __ARM.exidx_start__ = .
                0x08005ebc                __exidx_start = __ARM.exidx_start__
 *(.ARM.exidx .ARM.exidx.*)
                0x08005ebc                __ARM.exidx_end__ = (__ARM.exidx_start__ + SIZEOF (.ARM.exidx))
                0x08005ebc                __exidx_end = __ARM.exidx_end__
                0x08005ebc                __ARM.exidx_load_end__ = __ARM.exidx_end__
                0x00000001                . = ASSERT (((__ARM.exidx_start__ == __ARM.exidx_end__) || ((__ARM.exidx_end__ >= __FLASH_segment_start__) && (__ARM.exidx_end__ <= __FLASH_segment_end__))), error: .ARM.exidx is too large to fit in FLASH memory segment)
                0x08005ebc                __fast_load_start__ = ALIGN (__ARM.exidx_end__, 0x4)

.fast           0x20000000        0x0 load address 0x08005ebc
                0x20000000                __fast_start__ = .
 *(.fast .fast.*)
                0x20000000                __fast_end__ = (__fast_start__ + SIZEOF (.fast))
                0x08005ebc                __fast_load_end__ = (__fast_load_start__ + SIZEOF (.fast))
                0x00000001                . = ASSERT (((__fast_load_start__ == __fast_load_end__) || ((__fast_load_end__ >= __FLASH_segment_start__) && (__fast_load_end__ <= __FLASH_segment_end__))), error: .fast is too large to fit in FLASH memory segment)

.fast_run       0x20000000        0x0
                0x20000000                __fast_run_start__ = .
                0x20000000                . = MAX ((__fast_run_start__ + SIZEOF (.fast)), .)
                0x20000000                __fast_run_end__ = (__fast_run_start__ + SIZEOF (.fast_run))
                0x20000000                __fast_run_load_end__ = __fast_run_end__
                0x00000001                . = ASSERT (((__fast_run_start__ == __fast_run_end__) || ((__fast_run_end__ >= __RAM_segment_start__) && (__fast_run_end__ <= __RAM_segment_end__))), error: .fast_run is too large to fit in RAM memory segment)
                0x08005ebc                __data_load_start__ = ALIGN ((__fast_load_start__ + SIZEOF (.fast)), 0x4)

.data           0x20000000      0x234 load address 0x08005ebc
                0x20000000                __data_start__ = .
 *(.data .data.* .gnu.linkonce.d.*)
 .data.ADCPrescTable
                0x20000000        0x4 coCPU_firmware THUMB Release/stm32f10x_rcc.o
 .data.APBAHBPrescTable
                0x20000004       0x10 coCPU_firmware THUMB Release/stm32f10x_rcc.o
 .data.polygon_buffer_next_ID
                0x20000014        0x4 coCPU_firmware THUMB Release/gfx_3d.o
                0x20000014                polygon_buffer_next_ID
 .data.rotation
                0x20000018       0x24 coCPU_firmware THUMB Release/gfx_3d.o
                0x20000018                rotation
 .data.password
                0x2000003c        0xc coCPU_firmware THUMB Release/linkport.o
                0x2000003c                password
 .data.prgm_header
                0x20000048        0xc coCPU_firmware THUMB Release/linkport.o
                0x20000048                prgm_header
 .data.transferdelay
                0x20000054        0x1 coCPU_firmware THUMB Release/linkport.o
                0x20000054                transferdelay
 *fill*         0x20000055        0x3 
 .data.os_image
                0x20000058      0x1dc coCPU_firmware THUMB Release/linkport.o
                0x20000058                os_image
                0x20000234                __data_end__ = (__data_start__ + SIZEOF (.data))
                0x080060f0                __data_load_end__ = (__data_load_start__ + SIZEOF (.data))

.igot.plt       0x00000000        0x0
 .igot.plt      0x00000000        0x0 coCPU_firmware THUMB Release/misc.o
                0x00000001                . = ASSERT (((__data_load_start__ == __data_load_end__) || ((__data_load_end__ >= __FLASH_segment_start__) && (__data_load_end__ <= __FLASH_segment_end__))), error: .data is too large to fit in FLASH memory segment)

.data_run       0x20000000      0x234 load address 0x08005ebc
                0x20000000                __data_run_start__ = .
                0x20000234                . = MAX ((__data_run_start__ + SIZEOF (.data)), .)
 *fill*         0x20000000      0x234 
                0x20000234                __data_run_end__ = (__data_run_start__ + SIZEOF (.data_run))
                0x20000234                __data_run_load_end__ = __data_run_end__
                0x00000001                . = ASSERT (((__data_run_start__ == __data_run_end__) || ((__data_run_end__ >= __RAM_segment_start__) && (__data_run_end__ <= __RAM_segment_end__))), error: .data_run is too large to fit in RAM memory segment)
                0x080060f0                __tdata_load_start__ = ALIGN ((__data_load_start__ + SIZEOF (.data)), 0x4)

.tdata          0x20000234        0x0 load address 0x080060f0
                0x20000234                __tdata_start__ = .
 *(.tdata .tdata.*)
                0x20000234                __tdata_end__ = (__tdata_start__ + SIZEOF (.tdata))
                0x080060f0                __tdata_load_end__ = (__tdata_load_start__ + SIZEOF (.tdata))
                0x080060f0                __FLASH_segment_used_end__ = (ALIGN ((__data_load_start__ + SIZEOF (.data)), 0x4) + SIZEOF (.tdata))
                0x00000001                . = ASSERT (((__tdata_load_start__ == __tdata_load_end__) || ((__tdata_load_end__ >= __FLASH_segment_start__) && (__tdata_load_end__ <= __FLASH_segment_end__))), error: .tdata is too large to fit in FLASH memory segment)

.tdata_run      0x20000234        0x0
                0x20000234                __tdata_run_start__ = .
                0x20000234                . = MAX ((__tdata_run_start__ + SIZEOF (.tdata)), .)
                0x20000234                __tdata_run_end__ = (__tdata_run_start__ + SIZEOF (.tdata_run))
                0x20000234                __tdata_run_load_end__ = __tdata_run_end__
                0x00000001                . = ASSERT (((__tdata_run_start__ == __tdata_run_end__) || ((__tdata_run_end__ >= __RAM_segment_start__) && (__tdata_run_end__ <= __RAM_segment_end__))), error: .tdata_run is too large to fit in RAM memory segment)
                0x20000234                __bss_load_start__ = ALIGN (__tdata_run_end__, 0x4)

.bss            0x20000234     0x2348
                0x20000234                __bss_start__ = .
 *(.bss .bss.* .gnu.linkonce.b.*)
 .bss.polygon_buffer_next_entry
                0x20000234        0x2 coCPU_firmware THUMB Release/gfx_3d.o
                0x20000234                polygon_buffer_next_entry
 *fill*         0x20000236        0x2 
 .bss.polygon_buffer
                0x20000238      0x6e0 coCPU_firmware THUMB Release/gfx_3d.o
                0x20000238                polygon_buffer
 .bss.cam1      0x20000918       0x24 coCPU_firmware THUMB Release/gfx_3d.o
                0x20000918                cam1
 .bss.cube      0x2000093c       0x90 coCPU_firmware THUMB Release/gfx_3d.o
                0x2000093c                cube
 *fill*         0x200009cc        0x4 
 .bss.keys      0x200009d0        0x8 coCPU_firmware THUMB Release/linkport.o
                0x200009d0                keys
 .bss.framebuffer_now
                0x200009d8      0x300 coCPU_firmware THUMB Release/linkport.o
                0x200009d8                framebuffer_now
 .bss.framecount
                0x20000cd8        0x4 coCPU_firmware THUMB Release/linkport.o
                0x20000cd8                framecount
 .bss.framebuffer
                0x20000cdc     0x1800 coCPU_firmware THUMB Release/linkport.o
                0x20000cdc                framebuffer
 .bss.return_to_tios
                0x200024dc        0x4 coCPU_firmware THUMB Release/linkport.o
                0x200024dc                return_to_tios
 .bss.ClksFreq  0x200024e0       0x14 coCPU_firmware THUMB Release/main.o
                0x200024e0                ClksFreq
 .bss.libc.atexitfn_count
                0x200024f4        0x4 /Applications/CrossWorks for ARM 3.1/lib/libc_v7m_t_le_eabi.a(libc2.o)
 .bss.libc.__atexitfns
                0x200024f8       0x80 /Applications/CrossWorks for ARM 3.1/lib/libc_v7m_t_le_eabi.a(libc2.o)
 .bss.libcpp.__dso_handle
                0x20002578        0x4 /Applications/CrossWorks for ARM 3.1/lib/libcpp_v7m_t_le_eabi.a(__cxa_atexit.o)
                0x20002578                __dso_handle
 *(COMMON)
                0x2000257c                __bss_end__ = (__bss_start__ + SIZEOF (.bss))
                0x2000257c                __bss_load_end__ = __bss_end__
                0x00000001                . = ASSERT (((__bss_start__ == __bss_end__) || ((__bss_end__ >= __RAM_segment_start__) && (__bss_end__ <= __RAM_segment_end__))), error: .bss is too large to fit in RAM memory segment)
                0x2000257c                __tbss_load_start__ = ALIGN (__bss_end__, 0x4)

.tbss           0x2000257c        0x0
                0x2000257c                __tbss_start__ = .
 *(.tbss .tbss.*)
                0x2000257c                __tbss_end__ = (__tbss_start__ + SIZEOF (.tbss))
                0x2000257c                __tbss_load_end__ = __tbss_end__
                0x00000001                . = ASSERT (((__tbss_start__ == __tbss_end__) || ((__tbss_end__ >= __RAM_segment_start__) && (__tbss_end__ <= __RAM_segment_end__))), error: .tbss is too large to fit in RAM memory segment)
                0x2000257c                __non_init_load_start__ = ALIGN (__tbss_end__, 0x4)

.non_init       0x2000257c        0x0
                0x2000257c                __non_init_start__ = .
 *(.non_init .non_init.*)
                0x2000257c                __non_init_end__ = (__non_init_start__ + SIZEOF (.non_init))
                0x2000257c                __non_init_load_end__ = __non_init_end__
                0x00000001                . = ASSERT (((__non_init_start__ == __non_init_end__) || ((__non_init_end__ >= __RAM_segment_start__) && (__non_init_end__ <= __RAM_segment_end__))), error: .non_init is too large to fit in RAM memory segment)
                0x2000257c                __heap_load_start__ = ALIGN (__non_init_end__, 0x4)

.heap           0x2000257c       0x80
                0x2000257c                __heap_start__ = .
 *(.heap .heap.*)
                0x200025fc                . = ALIGN (MAX ((__heap_start__ + __HEAPSIZE__), .), 0x4)
 *fill*         0x2000257c       0x80 
                0x200025fc                __heap_end__ = (__heap_start__ + SIZEOF (.heap))
                0x200025fc                __heap_load_end__ = __heap_end__
                0x00000001                . = ASSERT (((__heap_start__ == __heap_end__) || ((__heap_end__ >= __RAM_segment_start__) && (__heap_end__ <= __RAM_segment_end__))), error: .heap is too large to fit in RAM memory segment)
                0x20002600                __stack_load_start__ = ALIGN (__heap_end__, 0x8)

.stack          0x20002600      0x100
                0x20002600                __stack_start__ = .
 *(.stack .stack.*)
                0x20002700                . = ALIGN (MAX ((__stack_start__ + __STACKSIZE__), .), 0x8)
 *fill*         0x20002600      0x100 
                0x20002700                __stack_end__ = (__stack_start__ + SIZEOF (.stack))
                0x20002700                __stack_load_end__ = __stack_end__
                0x00000001                . = ASSERT (((__stack_start__ == __stack_end__) || ((__stack_end__ >= __RAM_segment_start__) && (__stack_end__ <= __RAM_segment_end__))), error: .stack is too large to fit in RAM memory segment)
                0x20002700                __stack_process_load_start__ = ALIGN (__stack_end__, 0x8)

.stack_process  0x20002700        0x0
                0x20002700                __stack_process_start__ = .
 *(.stack_process .stack_process.*)
                0x20002700                . = ALIGN (MAX ((__stack_process_start__ + __STACKSIZE_PROCESS__), .), 0x8)
                0x20002700                __stack_process_end__ = (__stack_process_start__ + SIZEOF (.stack_process))
                0x20002700                __stack_process_load_end__ = __stack_process_end__
                0x20002700                __RAM_segment_used_end__ = (ALIGN (__stack_end__, 0x8) + SIZEOF (.stack_process))
                0x00000001                . = ASSERT (((__stack_process_start__ == __stack_process_end__) || ((__stack_process_end__ >= __RAM_segment_start__) && (__stack_process_end__ <= __RAM_segment_end__))), error: .stack_process is too large to fit in RAM memory segment)
START GROUP
LOAD coCPU_firmware THUMB Release/misc.o
LOAD coCPU_firmware THUMB Release/stm32f10x_adc.o
LOAD coCPU_firmware THUMB Release/stm32f10x_bkp.o
LOAD coCPU_firmware THUMB Release/stm32f10x_can.o
LOAD coCPU_firmware THUMB Release/stm32f10x_cec.o
LOAD coCPU_firmware THUMB Release/stm32f10x_crc.o
LOAD coCPU_firmware THUMB Release/stm32f10x_dac.o
LOAD coCPU_firmware THUMB Release/stm32f10x_dbgmcu.o
LOAD coCPU_firmware THUMB Release/stm32f10x_dma.o
LOAD coCPU_firmware THUMB Release/stm32f10x_exti.o
LOAD coCPU_firmware THUMB Release/stm32f10x_flash.o
LOAD coCPU_firmware THUMB Release/stm32f10x_fsmc.o
LOAD coCPU_firmware THUMB Release/stm32f10x_gpio.o
LOAD coCPU_firmware THUMB Release/stm32f10x_i2c.o
LOAD coCPU_firmware THUMB Release/stm32f10x_iwdg.o
LOAD coCPU_firmware THUMB Release/stm32f10x_pwr.o
LOAD coCPU_firmware THUMB Release/stm32f10x_rcc.o
LOAD coCPU_firmware THUMB Release/stm32f10x_rtc.o
LOAD coCPU_firmware THUMB Release/stm32f10x_sdio.o
LOAD coCPU_firmware THUMB Release/stm32f10x_spi.o
LOAD coCPU_firmware THUMB Release/stm32f10x_tim.o
LOAD coCPU_firmware THUMB Release/stm32f10x_usart.o
LOAD coCPU_firmware THUMB Release/stm32f10x_wwdg.o
LOAD coCPU_firmware THUMB Release/system_stm32f10x.o
LOAD coCPU_firmware THUMB Release/gfx_2d.o
LOAD coCPU_firmware THUMB Release/gfx_3d.o
LOAD coCPU_firmware THUMB Release/hw_control.o
LOAD coCPU_firmware THUMB Release/linkport.o
LOAD coCPU_firmware THUMB Release/main.o
LOAD coCPU_firmware THUMB Release/thumb_crt0.o
LOAD coCPU_firmware THUMB Release/STM32_Startup.o
LOAD /Applications/CrossWorks for ARM 3.1/lib/libcm_v7m_t_le_eabi.a
LOAD /Applications/CrossWorks for ARM 3.1/lib/libdebugio_mempoll_v7m_t_le_eabi.a
LOAD /Applications/CrossWorks for ARM 3.1/lib/libm_v7m_t_le_eabi.a
LOAD /Applications/CrossWorks for ARM 3.1/lib/libc_v7m_t_le_eabi.a
LOAD /Applications/CrossWorks for ARM 3.1/lib/libcpp_v7m_t_le_eabi.a
LOAD /Applications/CrossWorks for ARM 3.1/lib/libdebugio_v7m_t_le_eabi.a
LOAD /Applications/CrossWorks for ARM 3.1/lib/lib_vfprintf_float_long_long_v7m_t_le_eabi.a
LOAD /Applications/CrossWorks for ARM 3.1/lib/lib_vfscanf_float_long_long_cc_v7m_t_le_eabi.a
LOAD /Applications/CrossWorks for ARM 3.1/lib/libc_user_libc_v7m_t_le_eabi.a
END GROUP
OUTPUT(coCPU_firmware THUMB Release/coCPU_firmware.elf elf32-littlearm)

.debug_frame    0x00000000     0x54d4
 .debug_frame   0x00000000      0x244 coCPU_firmware THUMB Release/stm32f10x_flash.o
 .debug_frame   0x00000244      0x16c coCPU_firmware THUMB Release/stm32f10x_gpio.o
 .debug_frame   0x000003b0      0x224 coCPU_firmware THUMB Release/stm32f10x_rcc.o
 .debug_frame   0x000005d4       0x40 coCPU_firmware THUMB Release/system_stm32f10x.o
 .debug_frame   0x00000614      0x1dc coCPU_firmware THUMB Release/gfx_2d.o
 .debug_frame   0x000007f0      0x3dc coCPU_firmware THUMB Release/gfx_3d.o
 .debug_frame   0x00000bcc       0x8c coCPU_firmware THUMB Release/hw_control.o
 .debug_frame   0x00000c58      0x1dc coCPU_firmware THUMB Release/linkport.o
 .debug_frame   0x00000e34       0x70 coCPU_firmware THUMB Release/main.o
 .debug_frame   0x00000ea4      0x640 /Applications/CrossWorks for ARM 3.1/lib/libm_v7m_t_le_eabi.a(libm_asm.o)
 .debug_frame   0x000014e4      0x9a0 /Applications/CrossWorks for ARM 3.1/lib/libm_v7m_t_le_eabi.a(libm2.o)
 .debug_frame   0x00001e84       0xc0 /Applications/CrossWorks for ARM 3.1/lib/libm_v7m_t_le_eabi.a(libm2_asm.o)
 .debug_frame   0x00001f44     0x3418 /Applications/CrossWorks for ARM 3.1/lib/libc_v7m_t_le_eabi.a(libc2.o)
 .debug_frame   0x0000535c      0x120 /Applications/CrossWorks for ARM 3.1/lib/libc_v7m_t_le_eabi.a(libc2_asm.o)
 .debug_frame   0x0000547c       0x2c /Applications/CrossWorks for ARM 3.1/lib/libcpp_v7m_t_le_eabi.a(__aeabi_atexit.o)
 .debug_frame   0x000054a8       0x2c /Applications/CrossWorks for ARM 3.1/lib/libcpp_v7m_t_le_eabi.a(__cxa_atexit.o)

.debug_info     0x00000000     0x30e6
 .debug_info    0x00000000      0x22d coCPU_firmware THUMB Release/stm32f10x_flash.o
 .debug_info    0x0000022d      0x15f coCPU_firmware THUMB Release/stm32f10x_gpio.o
 .debug_info    0x0000038c      0x263 coCPU_firmware THUMB Release/stm32f10x_rcc.o
 .debug_info    0x000005ef       0x53 coCPU_firmware THUMB Release/system_stm32f10x.o
 .debug_info    0x00000642      0x120 coCPU_firmware THUMB Release/gfx_2d.o
 .debug_info    0x00000762      0x2ad coCPU_firmware THUMB Release/gfx_3d.o
 .debug_info    0x00000a0f       0xa8 coCPU_firmware THUMB Release/hw_control.o
 .debug_info    0x00000ab7      0x154 coCPU_firmware THUMB Release/linkport.o
 .debug_info    0x00000c0b       0x59 coCPU_firmware THUMB Release/main.o
 .debug_info    0x00000c64      0x4c4 /Applications/CrossWorks for ARM 3.1/lib/libm_v7m_t_le_eabi.a(libm2.o)
 .debug_info    0x00001128     0x1f60 /Applications/CrossWorks for ARM 3.1/lib/libc_v7m_t_le_eabi.a(libc2.o)
 .debug_info    0x00003088       0x2f /Applications/CrossWorks for ARM 3.1/lib/libcpp_v7m_t_le_eabi.a(__aeabi_atexit.o)
 .debug_info    0x000030b7       0x2f /Applications/CrossWorks for ARM 3.1/lib/libcpp_v7m_t_le_eabi.a(__cxa_atexit.o)

.debug_abbrev   0x00000000      0x5a3
 .debug_abbrev  0x00000000       0x5b coCPU_firmware THUMB Release/stm32f10x_flash.o
 .debug_abbrev  0x0000005b       0x4f coCPU_firmware THUMB Release/stm32f10x_gpio.o
 .debug_abbrev  0x000000aa       0x5b coCPU_firmware THUMB Release/stm32f10x_rcc.o
 .debug_abbrev  0x00000105       0x49 coCPU_firmware THUMB Release/system_stm32f10x.o
 .debug_abbrev  0x0000014e       0xa3 coCPU_firmware THUMB Release/gfx_2d.o
 .debug_abbrev  0x000001f1      0x102 coCPU_firmware THUMB Release/gfx_3d.o
 .debug_abbrev  0x000002f3       0x61 coCPU_firmware THUMB Release/hw_control.o
 .debug_abbrev  0x00000354       0x6d coCPU_firmware THUMB Release/linkport.o
 .debug_abbrev  0x000003c1       0x3b coCPU_firmware THUMB Release/main.o
 .debug_abbrev  0x000003fc       0x9d /Applications/CrossWorks for ARM 3.1/lib/libm_v7m_t_le_eabi.a(libm2.o)
 .debug_abbrev  0x00000499       0xbe /Applications/CrossWorks for ARM 3.1/lib/libc_v7m_t_le_eabi.a(libc2.o)
 .debug_abbrev  0x00000557       0x26 /Applications/CrossWorks for ARM 3.1/lib/libcpp_v7m_t_le_eabi.a(__aeabi_atexit.o)
 .debug_abbrev  0x0000057d       0x26 /Applications/CrossWorks for ARM 3.1/lib/libcpp_v7m_t_le_eabi.a(__cxa_atexit.o)

.debug_aranges  0x00000000     0x1628
 .debug_aranges
                0x00000000       0xf8 coCPU_firmware THUMB Release/stm32f10x_flash.o
 .debug_aranges
                0x000000f8       0xa8 coCPU_firmware THUMB Release/stm32f10x_gpio.o
 .debug_aranges
                0x000001a0      0x118 coCPU_firmware THUMB Release/stm32f10x_rcc.o
 .debug_aranges
                0x000002b8       0x28 coCPU_firmware THUMB Release/system_stm32f10x.o
 .debug_aranges
                0x000002e0       0x70 coCPU_firmware THUMB Release/gfx_2d.o
 .debug_aranges
                0x00000350       0xf0 coCPU_firmware THUMB Release/gfx_3d.o
 .debug_aranges
                0x00000440       0x48 coCPU_firmware THUMB Release/hw_control.o
 .debug_aranges
                0x00000488       0x80 coCPU_firmware THUMB Release/linkport.o
 .debug_aranges
                0x00000508       0x30 coCPU_firmware THUMB Release/main.o
 .debug_aranges
                0x00000538      0x218 /Applications/CrossWorks for ARM 3.1/lib/libm_v7m_t_le_eabi.a(libm2.o)
 .debug_aranges
                0x00000750      0xe98 /Applications/CrossWorks for ARM 3.1/lib/libc_v7m_t_le_eabi.a(libc2.o)
 .debug_aranges
                0x000015e8       0x20 /Applications/CrossWorks for ARM 3.1/lib/libcpp_v7m_t_le_eabi.a(__aeabi_atexit.o)
 .debug_aranges
                0x00001608       0x20 /Applications/CrossWorks for ARM 3.1/lib/libcpp_v7m_t_le_eabi.a(__cxa_atexit.o)

.debug_ranges   0x00000000     0x1558
 .debug_ranges  0x00000000       0xe8 coCPU_firmware THUMB Release/stm32f10x_flash.o
 .debug_ranges  0x000000e8       0x98 coCPU_firmware THUMB Release/stm32f10x_gpio.o
 .debug_ranges  0x00000180      0x108 coCPU_firmware THUMB Release/stm32f10x_rcc.o
 .debug_ranges  0x00000288       0x18 coCPU_firmware THUMB Release/system_stm32f10x.o
 .debug_ranges  0x000002a0       0x60 coCPU_firmware THUMB Release/gfx_2d.o
 .debug_ranges  0x00000300       0xe0 coCPU_firmware THUMB Release/gfx_3d.o
 .debug_ranges  0x000003e0       0x38 coCPU_firmware THUMB Release/hw_control.o
 .debug_ranges  0x00000418       0x70 coCPU_firmware THUMB Release/linkport.o
 .debug_ranges  0x00000488       0x20 coCPU_firmware THUMB Release/main.o
 .debug_ranges  0x000004a8      0x208 /Applications/CrossWorks for ARM 3.1/lib/libm_v7m_t_le_eabi.a(libm2.o)
 .debug_ranges  0x000006b0      0xe88 /Applications/CrossWorks for ARM 3.1/lib/libc_v7m_t_le_eabi.a(libc2.o)
 .debug_ranges  0x00001538       0x10 /Applications/CrossWorks for ARM 3.1/lib/libcpp_v7m_t_le_eabi.a(__aeabi_atexit.o)
 .debug_ranges  0x00001548       0x10 /Applications/CrossWorks for ARM 3.1/lib/libcpp_v7m_t_le_eabi.a(__cxa_atexit.o)

.debug_line     0x00000000     0x12fd
 .debug_line    0x00000000       0x74 coCPU_firmware THUMB Release/stm32f10x_flash.o
 .debug_line    0x00000074       0x73 coCPU_firmware THUMB Release/stm32f10x_gpio.o
 .debug_line    0x000000e7       0x72 coCPU_firmware THUMB Release/stm32f10x_rcc.o
 .debug_line    0x00000159       0x75 coCPU_firmware THUMB Release/system_stm32f10x.o
 .debug_line    0x000001ce       0x6d coCPU_firmware THUMB Release/gfx_2d.o
 .debug_line    0x0000023b       0x6d coCPU_firmware THUMB Release/gfx_3d.o
 .debug_line    0x000002a8       0x71 coCPU_firmware THUMB Release/hw_control.o
 .debug_line    0x00000319       0x6f coCPU_firmware THUMB Release/linkport.o
 .debug_line    0x00000388       0x6b coCPU_firmware THUMB Release/main.o
 .debug_line    0x000003f3      0x332 /Applications/CrossWorks for ARM 3.1/lib/libm_v7m_t_le_eabi.a(libm2.o)
 .debug_line    0x00000725      0xaf6 /Applications/CrossWorks for ARM 3.1/lib/libc_v7m_t_le_eabi.a(libc2.o)
 .debug_line    0x0000121b       0x72 /Applications/CrossWorks for ARM 3.1/lib/libcpp_v7m_t_le_eabi.a(__aeabi_atexit.o)
 .debug_line    0x0000128d       0x70 /Applications/CrossWorks for ARM 3.1/lib/libcpp_v7m_t_le_eabi.a(__cxa_atexit.o)

.debug_str      0x00000000     0x3648
 .debug_str     0x00000000      0x3c7 coCPU_firmware THUMB Release/stm32f10x_flash.o
 .debug_str     0x000003c7      0x196 coCPU_firmware THUMB Release/stm32f10x_gpio.o
                                0x299 (size before relaxing)
 .debug_str     0x0000055d      0x284 coCPU_firmware THUMB Release/stm32f10x_rcc.o
                                0x387 (size before relaxing)
 .debug_str     0x000007e1       0x92 coCPU_firmware THUMB Release/system_stm32f10x.o
                                0x195 (size before relaxing)
 .debug_str     0x00000873      0x359 coCPU_firmware THUMB Release/gfx_2d.o
 .debug_str     0x00000bcc      0x364 coCPU_firmware THUMB Release/gfx_3d.o
                                0x49b (size before relaxing)
 .debug_str     0x00000f30      0x181 coCPU_firmware THUMB Release/hw_control.o
                                0x2a2 (size before relaxing)
 .debug_str     0x000010b1      0x270 coCPU_firmware THUMB Release/linkport.o
                                0x391 (size before relaxing)
 .debug_str     0x00001321       0x8f coCPU_firmware THUMB Release/main.o
                                0x1b0 (size before relaxing)
 .debug_str     0x000013b0      0x2ed /Applications/CrossWorks for ARM 3.1/lib/libm_v7m_t_le_eabi.a(libm2.o)
                                0x32d (size before relaxing)
 .debug_str     0x0000169d     0x1d99 /Applications/CrossWorks for ARM 3.1/lib/libc_v7m_t_le_eabi.a(libc2.o)
                               0x1f03 (size before relaxing)
 .debug_str     0x00003436      0x1b5 /Applications/CrossWorks for ARM 3.1/lib/libcpp_v7m_t_le_eabi.a(__aeabi_atexit.o)
 .debug_str     0x000035eb       0x5d /Applications/CrossWorks for ARM 3.1/lib/libcpp_v7m_t_le_eabi.a(__cxa_atexit.o)
                                0x1b1 (size before relaxing)

.comment        0x00000000       0x4e
 .comment       0x00000000       0x4e coCPU_firmware THUMB Release/stm32f10x_flash.o
                                 0x4f (size before relaxing)
 .comment       0x00000000       0x4f coCPU_firmware THUMB Release/stm32f10x_gpio.o
 .comment       0x00000000       0x4f coCPU_firmware THUMB Release/stm32f10x_rcc.o
 .comment       0x00000000       0x4f coCPU_firmware THUMB Release/system_stm32f10x.o
 .comment       0x00000000       0x4f coCPU_firmware THUMB Release/gfx_2d.o
 .comment       0x00000000       0x4f coCPU_firmware THUMB Release/gfx_3d.o
 .comment       0x00000000       0x4f coCPU_firmware THUMB Release/hw_control.o
 .comment       0x00000000       0x4f coCPU_firmware THUMB Release/linkport.o
 .comment       0x00000000       0x4f coCPU_firmware THUMB Release/main.o
 .comment       0x00000000       0x4f /Applications/CrossWorks for ARM 3.1/lib/libm_v7m_t_le_eabi.a(libm2.o)
 .comment       0x00000000       0x4f /Applications/CrossWorks for ARM 3.1/lib/libc_v7m_t_le_eabi.a(libc2.o)
 .comment       0x00000000       0x4f /Applications/CrossWorks for ARM 3.1/lib/libcpp_v7m_t_le_eabi.a(__aeabi_atexit.o)
 .comment       0x00000000       0x4f /Applications/CrossWorks for ARM 3.1/lib/libcpp_v7m_t_le_eabi.a(__cxa_atexit.o)

.ARM.attributes
                0x00000000       0x31
 .ARM.attributes
                0x00000000       0x33 coCPU_firmware THUMB Release/stm32f10x_flash.o
 .ARM.attributes
                0x00000033       0x33 coCPU_firmware THUMB Release/stm32f10x_gpio.o
 .ARM.attributes
                0x00000066       0x33 coCPU_firmware THUMB Release/stm32f10x_rcc.o
 .ARM.attributes
                0x00000099       0x33 coCPU_firmware THUMB Release/system_stm32f10x.o
 .ARM.attributes
                0x000000cc       0x33 coCPU_firmware THUMB Release/gfx_2d.o
 .ARM.attributes
                0x000000ff       0x33 coCPU_firmware THUMB Release/gfx_3d.o
 .ARM.attributes
                0x00000132       0x33 coCPU_firmware THUMB Release/hw_control.o
 .ARM.attributes
                0x00000165       0x33 coCPU_firmware THUMB Release/linkport.o
 .ARM.attributes
                0x00000198       0x33 coCPU_firmware THUMB Release/main.o
 .ARM.attributes
                0x000001cb       0x21 coCPU_firmware THUMB Release/thumb_crt0.o
 .ARM.attributes
                0x000001ec       0x21 coCPU_firmware THUMB Release/STM32_Startup.o
 .ARM.attributes
                0x0000020d       0x1b /Applications/CrossWorks for ARM 3.1/lib/libm_v7m_t_le_eabi.a(libm_asm.o)
 .ARM.attributes
                0x00000228       0x2d /Applications/CrossWorks for ARM 3.1/lib/libm_v7m_t_le_eabi.a(libm2.o)
 .ARM.attributes
                0x00000255       0x1b /Applications/CrossWorks for ARM 3.1/lib/libm_v7m_t_le_eabi.a(libm2_asm.o)
 .ARM.attributes
                0x00000270       0x2d /Applications/CrossWorks for ARM 3.1/lib/libc_v7m_t_le_eabi.a(libc2.o)
 .ARM.attributes
                0x0000029d       0x1b /Applications/CrossWorks for ARM 3.1/lib/libc_v7m_t_le_eabi.a(libc2_asm.o)
 .ARM.attributes
                0x000002b8       0x2d /Applications/CrossWorks for ARM 3.1/lib/libcpp_v7m_t_le_eabi.a(__aeabi_atexit.o)
 .ARM.attributes
                0x000002e5       0x2d /Applications/CrossWorks for ARM 3.1/lib/libcpp_v7m_t_le_eabi.a(__cxa_atexit.o)
