Archive member included because of file (symbol)

/Applications/CrossWorks for ARM 3.1/lib/libm_v7m_t_le_eabi.a(libm_asm.o)
                              coCPU_firmware THUMB Debug/gfx_2d.o (__aeabi_i2f)
/Applications/CrossWorks for ARM 3.1/lib/libm_v7m_t_le_eabi.a(libm2.o)
                              coCPU_firmware THUMB Debug/gfx_3d.o (cos)
/Applications/CrossWorks for ARM 3.1/lib/libm_v7m_t_le_eabi.a(libm2_asm.o)
                              /Applications/CrossWorks for ARM 3.1/lib/libm_v7m_t_le_eabi.a(libm2.o) (fabs)
/Applications/CrossWorks for ARM 3.1/lib/libc_v7m_t_le_eabi.a(libc2.o)
                              coCPU_firmware THUMB Debug/gfx_2d.o (abs)
/Applications/CrossWorks for ARM 3.1/lib/libc_v7m_t_le_eabi.a(libc2_asm.o)
                              /Applications/CrossWorks for ARM 3.1/lib/libc_v7m_t_le_eabi.a(libc2.o) (memcpy)
/Applications/CrossWorks for ARM 3.1/lib/libc_v7m_t_le_eabi.a(libc_asm.o)
                              /Applications/CrossWorks for ARM 3.1/lib/libc_v7m_t_le_eabi.a(libc2.o) (__aeabi_uldivmod)
/Applications/CrossWorks for ARM 3.1/lib/libcpp_v7m_t_le_eabi.a(__aeabi_atexit.o)
                              coCPU_firmware THUMB Debug/gfx_3d.o (__aeabi_atexit)
/Applications/CrossWorks for ARM 3.1/lib/libcpp_v7m_t_le_eabi.a(__cxa_atexit.o)
                              coCPU_firmware THUMB Debug/gfx_3d.o (__dso_handle)
/Applications/CrossWorks for ARM 3.1/lib/lib_vfprintf_float_long_long_v7m_t_le_eabi.a(lib_vfprintf_float_long_long.o)
                              /Applications/CrossWorks for ARM 3.1/lib/libc_v7m_t_le_eabi.a(libc2.o) (__vfprintf)
/Applications/CrossWorks for ARM 3.1/lib/lib_vfscanf_float_long_long_cc_v7m_t_le_eabi.a(lib_vfscanf_float_long_long_cc.o)
                              /Applications/CrossWorks for ARM 3.1/lib/libc_v7m_t_le_eabi.a(libc2.o) (__vfscanf)
/Applications/CrossWorks for ARM 3.1/lib/libc_user_libc_v7m_t_le_eabi.a(user_libc.o)
                              /Applications/CrossWorks for ARM 3.1/lib/libc_v7m_t_le_eabi.a(libc2.o) (__aeabi_read_tp)

Discarded input sections

 .group         0x00000000        0x8 coCPU_firmware THUMB Debug/misc.o
 .group         0x00000000        0x8 coCPU_firmware THUMB Debug/misc.o
 .group         0x00000000        0x8 coCPU_firmware THUMB Debug/misc.o
 .group         0x00000000        0x8 coCPU_firmware THUMB Debug/misc.o
 .group         0x00000000        0x8 coCPU_firmware THUMB Debug/misc.o
 .group         0x00000000        0x8 coCPU_firmware THUMB Debug/misc.o
 .group         0x00000000        0x8 coCPU_firmware THUMB Debug/misc.o
 .group         0x00000000        0x8 coCPU_firmware THUMB Debug/misc.o
 .group         0x00000000        0x8 coCPU_firmware THUMB Debug/misc.o
 .group         0x00000000        0x8 coCPU_firmware THUMB Debug/misc.o
 .group         0x00000000        0x8 coCPU_firmware THUMB Debug/misc.o
 .group         0x00000000        0x8 coCPU_firmware THUMB Debug/misc.o
 .group         0x00000000        0x8 coCPU_firmware THUMB Debug/misc.o
 .group         0x00000000        0x8 coCPU_firmware THUMB Debug/misc.o
 .group         0x00000000        0x8 coCPU_firmware THUMB Debug/misc.o
 .group         0x00000000        0x8 coCPU_firmware THUMB Debug/misc.o
 .group         0x00000000        0x8 coCPU_firmware THUMB Debug/misc.o
 .group         0x00000000        0x8 coCPU_firmware THUMB Debug/misc.o
 .group         0x00000000        0x8 coCPU_firmware THUMB Debug/misc.o
 .group         0x00000000        0x8 coCPU_firmware THUMB Debug/misc.o
 .group         0x00000000        0x8 coCPU_firmware THUMB Debug/misc.o
 .group         0x00000000        0x8 coCPU_firmware THUMB Debug/misc.o
 .group         0x00000000        0x8 coCPU_firmware THUMB Debug/misc.o
 .group         0x00000000        0x8 coCPU_firmware THUMB Debug/misc.o
 .group         0x00000000        0x8 coCPU_firmware THUMB Debug/misc.o
 .group         0x00000000        0x8 coCPU_firmware THUMB Debug/misc.o
 .group         0x00000000        0x8 coCPU_firmware THUMB Debug/misc.o
 .group         0x00000000        0x8 coCPU_firmware THUMB Debug/misc.o
 .text          0x00000000        0x0 coCPU_firmware THUMB Debug/misc.o
 .data          0x00000000        0x0 coCPU_firmware THUMB Debug/misc.o
 .bss           0x00000000        0x0 coCPU_firmware THUMB Debug/misc.o
 .text.NVIC_PriorityGroupConfig
                0x00000000       0x14 coCPU_firmware THUMB Debug/misc.o
 .text.NVIC_Init
                0x00000000       0x70 coCPU_firmware THUMB Debug/misc.o
 .text.NVIC_SetVectorTable
                0x00000000       0x14 coCPU_firmware THUMB Debug/misc.o
 .text.NVIC_SystemLPConfig
                0x00000000       0x18 coCPU_firmware THUMB Debug/misc.o
 .text.SysTick_CLKSourceConfig
                0x00000000       0x18 coCPU_firmware THUMB Debug/misc.o
 .debug_frame   0x00000000       0x6c coCPU_firmware THUMB Debug/misc.o
 .debug_info    0x00000000      0x516 coCPU_firmware THUMB Debug/misc.o
[...]
Memory Configuration

Name             Origin             Length             Attributes
UNPLACED_SECTIONS 0xffffffff         0x00000000         xw
FLASH            0x08000000         0x00008000         xr
RAM              0x20000000         0x00002800         xw
APB1             0x40000000         0x00010000         xw
APB2             0x40010000         0x00018000         xw
AHB              0x40020000         0x00003400         xw
PPB              0xe0000000         0x00100000         xw
DBG              0xe0042000         0x00000010         xw
CM3_System_Control_Space 0xe000e000         0x00001000         xw
*default*        0x00000000         0xffffffff

Linker script and memory map

                0x08000000                __FLASH_segment_start__ = 0x8000000
                0x08008000                __FLASH_segment_end__ = 0x8008000
                0x20000000                __RAM_segment_start__ = 0x20000000
                0x20002800                __RAM_segment_end__ = 0x20002800
                0x40000000                __APB1_segment_start__ = 0x40000000
                0x40010000                __APB1_segment_end__ = 0x40010000
                0x40010000                __APB2_segment_start__ = 0x40010000
                0x40028000                __APB2_segment_end__ = 0x40028000
                0x40020000                __AHB_segment_start__ = 0x40020000
                0x40023400                __AHB_segment_end__ = 0x40023400
                0xe0000000                __PPB_segment_start__ = 0xe0000000
                0xe0100000                __PPB_segment_end__ = 0xe0100000
                0xe0042000                __DBG_segment_start__ = 0xe0042000
                0xe0042010                __DBG_segment_end__ = 0xe0042010
                0xe000e000                __CM3_System_Control_Space_segment_start__ = 0xe000e000
                0xe000f000                __CM3_System_Control_Space_segment_end__ = 0xe000f000
                0x00000080                __HEAPSIZE__ = 0x80
                0x00000000                __STACKSIZE_ABT__ = 0x0
                0x00000000                __STACKSIZE_FIQ__ = 0x0
                0x00000000                __STACKSIZE_IRQ__ = 0x0
                0x00000000                __STACKSIZE_PROCESS__ = 0x0
                0x00000000                __STACKSIZE_SVC__ = 0x0
                0x00000000                __STACKSIZE_UND__ = 0x0
                0x00000100                __STACKSIZE__ = 0x100
                0x20000000                __vectors_ram_load_start__ = ALIGN (__RAM_segment_start__, 0x100)

.vectors_ram    0x20000000        0x0
                0x20000000                __vectors_ram_start__ = .
 *(.vectors_ram .vectors_ram.*)
                0x20000000                __vectors_ram_end__ = (__vectors_ram_start__ + SIZEOF (.vectors_ram))
                0x20000000                __vectors_ram_load_end__ = __vectors_ram_end__
                0x00000001                . = ASSERT (((__vectors_ram_start__ == __vectors_ram_end__) || ((__vectors_ram_end__ >= __RAM_segment_start__) && (__vectors_ram_end__ <= __RAM_segment_end__))), error: .vectors_ram is too large to fit in RAM memory segment)
                0x08000000                __vectors_load_start__ = ALIGN (__FLASH_segment_start__, 0x100)

.vectors        0x08000000       0xec
                0x08000000                __vectors_start__ = .
 *(.vectors .vectors.*)
 .vectors       0x08000000       0xec coCPU_firmware THUMB Debug/STM32_Startup.o
                0x08000000                _vectors
                0x080000ec                __vectors_end__ = (__vectors_start__ + SIZEOF (.vectors))
                0x080000ec                __vectors_load_end__ = __vectors_end__
                0x00000001                . = ASSERT (((__vectors_start__ == __vectors_end__) || ((__vectors_end__ >= __FLASH_segment_start__) && (__vectors_end__ <= __FLASH_segment_end__))), error: .vectors is too large to fit in FLASH memory segment)
                0x080000ec                __init_load_start__ = ALIGN (__vectors_end__, 0x4)

.init           0x080000ec      0x1d4
                0x080000ec                __init_start__ = .
 *(.init .init.*)
 .init          0x080000ec      0x154 coCPU_firmware THUMB Debug/thumb_crt0.o
                0x080000ec                _start
                0x08000198                exit
                0x080001bc                __putchar
                0x080001bc                __getchar
 .init          0x08000240       0x80 coCPU_firmware THUMB Debug/STM32_Startup.o
                0x08000240                NMI_Handler
                0x08000242                HardFault_Handler
                0x08000244                MemManage_Handler
                0x08000246                BusFault_Handler
                0x08000248                UsageFault_Handler
                0x0800024a                SVC_Handler
                0x0800024c                DebugMon_Handler
                0x0800024e                PendSV_Handler
                0x08000250                SysTick_Handler
                0x08000252                WWDG_IRQHandler
                0x08000254                PVD_IRQHandler
                0x08000256                TAMPER_IRQHandler
                0x08000258                RTC_IRQHandler
                0x0800025a                FLASH_IRQHandler
                0x0800025c                RCC_IRQHandler
                0x0800025e                EXTI0_IRQHandler
                0x08000260                EXTI1_IRQHandler
                0x08000262                EXTI2_IRQHandler
                0x08000264                EXTI3_IRQHandler
                0x08000266                EXTI4_IRQHandler
                0x08000268                DMA1_Channel1_IRQHandler
                0x0800026a                DMA1_Channel2_IRQHandler
                0x0800026c                DMA1_Channel3_IRQHandler
                0x0800026e                DMA1_Channel4_IRQHandler
                0x08000270                DMA1_Channel5_IRQHandler
                0x08000272                DMA1_Channel6_IRQHandler
                0x08000274                DMA1_Channel7_IRQHandler
                0x08000276                ADC1_2_IRQHandler
                0x08000278                USB_HP_CAN1_TX_IRQHandler
                0x0800027a                USB_LP_CAN1_RX0_IRQHandler
                0x0800027c                CAN1_RX1_IRQHandler
                0x0800027e                CAN1_SCE_IRQHandler
                0x08000280                EXTI9_5_IRQHandler
                0x08000282                TIM1_BRK_IRQHandler
                0x08000284                TIM1_UP_IRQHandler
                0x08000286                TIM1_TRG_COM_IRQHandler
                0x08000288                TIM1_CC_IRQHandler
                0x0800028a                TIM2_IRQHandler
                0x0800028c                TIM3_IRQHandler
                0x0800028e                I2C1_EV_IRQHandler
                0x08000290                I2C1_ER_IRQHandler
                0x08000292                SPI1_IRQHandler
                0x08000294                USART1_IRQHandler
                0x08000296                USART2_IRQHandler
                0x08000298                EXTI15_10_IRQHandler
                0x0800029a                RTCAlarm_IRQHandler
                0x0800029c                USBWakeUp_IRQHandler
                0x0800029e                reset_handler
                0x080002c0                __init_end__ = (__init_start__ + SIZEOF (.init))
                0x080002c0                __init_load_end__ = __init_end__
                0x00000001                . = ASSERT (((__init_start__ == __init_end__) || ((__init_end__ >= __FLASH_segment_start__) && (__init_end__ <= __FLASH_segment_end__))), error: .init is too large to fit in FLASH memory segment)
                0x080002c0                __text_load_start__ = ALIGN (__init_end__, 0x4)

.text           0x080002c0     0x3d34
                0x080002c0                __text_start__ = .
 *(.text .text.* .glue_7t .glue_7 .gnu.linkonce.t.* .gcc_except_table .ARM.extab* .gnu.linkonce.armextab.*)
 .glue_7        0x00000000        0x0 linker stubs
 .glue_7t       0x00000000        0x0 linker stubs
 .text.FLASH_SetLatency
                0x080002c0       0x14 coCPU_firmware THUMB Debug/stm32f10x_flash.o
                0x080002c0                FLASH_SetLatency
 .text.FLASH_PrefetchBufferCmd
                0x080002d4       0x18 coCPU_firmware THUMB Debug/stm32f10x_flash.o
                0x080002d4                FLASH_PrefetchBufferCmd
 .text.GPIO_Init
                0x080002ec      0x3cc coCPU_firmware THUMB Debug/stm32f10x_gpio.o
                0x080002ec                GPIO_Init
 .text.GPIO_ReadInputDataBit
                0x080006b8        0xc coCPU_firmware THUMB Debug/stm32f10x_gpio.o
                0x080006b8                GPIO_ReadInputDataBit
 .text.RCC_PLLConfig
                0x080006c4       0x14 coCPU_firmware THUMB Debug/stm32f10x_rcc.o
                0x080006c4                RCC_PLLConfig
 .text.RCC_PLLCmd
                0x080006d8        0xc coCPU_firmware THUMB Debug/stm32f10x_rcc.o
                0x080006d8                RCC_PLLCmd
 .text.RCC_SYSCLKConfig
                0x080006e4       0x14 coCPU_firmware THUMB Debug/stm32f10x_rcc.o
                0x080006e4                RCC_SYSCLKConfig
 .text.RCC_GetSYSCLKSource
                0x080006f8       0x10 coCPU_firmware THUMB Debug/stm32f10x_rcc.o
                0x080006f8                RCC_GetSYSCLKSource
 .text.RCC_HCLKConfig
                0x08000708       0x14 coCPU_firmware THUMB Debug/stm32f10x_rcc.o
                0x08000708                RCC_HCLKConfig
 .text.RCC_PCLK1Config
                0x0800071c       0x14 coCPU_firmware THUMB Debug/stm32f10x_rcc.o
                0x0800071c                RCC_PCLK1Config
 .text.RCC_PCLK2Config
                0x08000730       0x14 coCPU_firmware THUMB Debug/stm32f10x_rcc.o
                0x08000730                RCC_PCLK2Config
 .text.RCC_GetClocksFreq
                0x08000744       0x94 coCPU_firmware THUMB Debug/stm32f10x_rcc.o
                0x08000744                RCC_GetClocksFreq
 .text.RCC_APB2PeriphClockCmd
                0x080007d8       0x18 coCPU_firmware THUMB Debug/stm32f10x_rcc.o
                0x080007d8                RCC_APB2PeriphClockCmd
 .text.RCC_GetFlagStatus
                0x080007f0       0x30 coCPU_firmware THUMB Debug/stm32f10x_rcc.o
                0x080007f0                RCC_GetFlagStatus
 .text.SystemInit
                0x08000820      0x108 coCPU_firmware THUMB Debug/system_stm32f10x.o
                0x08000820                SystemInit
 .text._Z12gfx_2d_clearv
                0x08000928       0x20 coCPU_firmware THUMB Debug/gfx_2d.o
                0x08000928                gfx_2d_clear()
 .text._Z16gfx_2d_characteriiiii
                0x08000948      0x490 coCPU_firmware THUMB Debug/gfx_2d.o
                0x08000948                gfx_2d_character(int, int, int, int, int)
 .text._Z13gfx_2d_stringPciiiii
                0x08000dd8       0x3c coCPU_firmware THUMB Debug/gfx_2d.o
                0x08000dd8                gfx_2d_string(char*, int, int, int, int, int)
 .text._Z20gfx_2d_fill_triangle5pointS_S_i
                0x08000e14      0x7c0 coCPU_firmware THUMB Debug/gfx_2d.o
                0x08000e14                gfx_2d_fill_triangle(point, point, point, int)
 .text._ZN6CameraD2Ev
                0x080015d4        0x4 coCPU_firmware THUMB Debug/gfx_3d.o
                0x080015d4                Camera::~Camera()
                0x080015d4                Camera::~Camera()
 .text.__tcf_0  0x080015d8       0xa0 coCPU_firmware THUMB Debug/gfx_3d.o
 .text._Z11drawpolygon7polygonfii
                0x08001678      0x150 coCPU_firmware THUMB Debug/gfx_3d.o
                0x08001678                drawpolygon(polygon, float, int, int)
 .text._ZN9obj3D_Box5resetEv
                0x080017c8       0xcc coCPU_firmware THUMB Debug/gfx_3d.o
                0x080017c8                obj3D_Box::reset()
 *fill*         0x08001894        0x4 
 .text._ZN9obj3D_Box6updateEv
                0x08001898      0x6b8 coCPU_firmware THUMB Debug/gfx_3d.o
                0x08001898                obj3D_Box::update()
 .text._ZN6Camera6renderEPh
                0x08001f50      0x570 coCPU_firmware THUMB Debug/gfx_3d.o
                0x08001f50                Camera::render(unsigned char*)
 .text._Z10gfx3dsetupv
                0x080024c0      0x118 coCPU_firmware THUMB Debug/gfx_3d.o
                0x080024c0                gfx3dsetup()
 .text._Z13gfx3dperiodicv
                0x080025d8       0x5c coCPU_firmware THUMB Debug/gfx_3d.o
                0x080025d8                gfx3dperiodic()
 .text.startup._GLOBAL__sub_I_brightness_3d
                0x08002634       0x68 coCPU_firmware THUMB Debug/gfx_3d.o
 .text._Z15HW_CONTROL_initv
                0x0800269c       0x38 coCPU_firmware THUMB Debug/hw_control.o
                0x0800269c                HW_CONTROL_init()
 .text._Z22HW_CONTROL_ENABLE_CALCv
                0x080026d4        0xc coCPU_firmware THUMB Debug/hw_control.o
                0x080026d4                HW_CONTROL_ENABLE_CALC()
 .text._Z23HW_CONTROL_CLICK_ON_KEYv
                0x080026e0       0x34 coCPU_firmware THUMB Debug/hw_control.o
                0x080026e0                HW_CONTROL_CLICK_ON_KEY()
 .text._Z9LINK_initv
                0x08002714       0x54 coCPU_firmware THUMB Debug/linkport.o
                0x08002714                LINK_init()
 .text._Z13LINK_get_bytev
                0x08002768       0xdc coCPU_firmware THUMB Debug/linkport.o
                0x08002768                LINK_get_byte()
 .text._Z23LINK_transfer_framedatav
                0x08002844      0x320 coCPU_firmware THUMB Debug/linkport.o
                0x08002844                LINK_transfer_framedata()
 .text._Z14LINK_send_byteh
                0x08002b64       0x9c coCPU_firmware THUMB Debug/linkport.o
                0x08002b64                LINK_send_byte(unsigned char)
 .text._Z12LINK_send_osv
                0x08002c00      0x2fc coCPU_firmware THUMB Debug/linkport.o
                0x08002c00                LINK_send_os()
 .text._Z21SysClkSetHSI_4xPLLMulj
                0x08002efc       0x7c coCPU_firmware THUMB Debug/main.o
                0x08002efc                SysClkSetHSI_4xPLLMul(unsigned int)
 .text.startup.main
                0x08002f78       0xe8 coCPU_firmware THUMB Debug/main.o
                0x08002f78                main
 .text.libc.__int32_to_float32
                0x08003060       0x30 /Applications/CrossWorks for ARM 3.1/lib/libm_v7m_t_le_eabi.a(libm_asm.o)
                0x08003060                __aeabi_i2f
                0x08003060                __int32_to_float32
                0x08003060                __floatsisf
                0x08003070                __int32_to_float32_common
 .text.libc.__int32_to_float64
                0x08003090       0x30 /Applications/CrossWorks for ARM 3.1/lib/libm_v7m_t_le_eabi.a(libm_asm.o)
                0x08003090                __floatsidf
                0x08003090                __aeabi_i2d
                0x08003090                __int32_to_float64
 .text.libc.__uint32_to_float64
                0x080030c0       0x24 /Applications/CrossWorks for ARM 3.1/lib/libm_v7m_t_le_eabi.a(libm_asm.o)
                0x080030c0                __uint32_to_float64
                0x080030c0                __aeabi_ui2d
                0x080030c0                __floatunsidf
 .text.libc.__float32_to_int32
                0x080030e4       0x40 /Applications/CrossWorks for ARM 3.1/lib/libm_v7m_t_le_eabi.a(libm_asm.o)
                0x080030e4                __fixsfsi
                0x080030e4                __float32_to_int32
                0x080030e4                __aeabi_f2iz
 .text.libc.__float64_to_int32
                0x08003124       0x50 /Applications/CrossWorks for ARM 3.1/lib/libm_v7m_t_le_eabi.a(libm_asm.o)
                0x08003124                __fixdfsi
                0x08003124                __aeabi_d2iz
                0x08003124                __float64_to_int32
 .text.libc.__float64_to_uint32
                0x08003174       0x2c /Applications/CrossWorks for ARM 3.1/lib/libm_v7m_t_le_eabi.a(libm_asm.o)
                0x08003174                __fixunsdfsi
                0x08003174                __aeabi_d2uiz
                0x08003174                __float64_to_uint32
 .text.libc.__float32_to_float64
                0x080031a0       0x38 /Applications/CrossWorks for ARM 3.1/lib/libm_v7m_t_le_eabi.a(libm_asm.o)
                0x080031a0                __extendsfdf2
                0x080031a0                __float32_to_float64
                0x080031a0                __aeabi_f2d
 .text.libc.__float64_to_float32
                0x080031d8       0x70 /Applications/CrossWorks for ARM 3.1/lib/libm_v7m_t_le_eabi.a(libm_asm.o)
                0x080031d8                __aeabi_d2f
                0x080031d8                __truncdfsf2
                0x080031d8                __float64_to_float32
 .text.libc.__float32_add
                0x08003248      0x138 /Applications/CrossWorks for ARM 3.1/lib/libm_v7m_t_le_eabi.a(libm_asm.o)
                0x08003248                __aeabi_frsub
                0x08003250                __subsf3
                0x08003250                __float32_sub
                0x08003250                __aeabi_fsub
                0x08003254                __aeabi_fadd
                0x08003254                __addsf3
                0x08003254                __float32_add
 .text.libc.__float32_mul
                0x08003380       0xd4 /Applications/CrossWorks for ARM 3.1/lib/libm_v7m_t_le_eabi.a(libm_asm.o)
                0x08003380                __float32_mul
                0x08003380                __mulsf3
                0x08003380                __aeabi_fmul
 .text.libc.__float32_div
                0x08003454      0x1e0 /Applications/CrossWorks for ARM 3.1/lib/libm_v7m_t_le_eabi.a(libm_asm.o)
                0x08003454                __divsf3
                0x08003454                __aeabi_fdiv
                0x08003454                __float32_div
 .text.libc.__aeabi_fcmpeq
                0x08003634       0x1c /Applications/CrossWorks for ARM 3.1/lib/libm_v7m_t_le_eabi.a(libm_asm.o)
                0x08003634                __aeabi_fcmpeq
 .text.libc.__aeabi_fcmplt
                0x08003650       0x30 /Applications/CrossWorks for ARM 3.1/lib/libm_v7m_t_le_eabi.a(libm_asm.o)
                0x08003650                __aeabi_fcmplt
 .text.libc.__aeabi_fcmpgt
                0x08003680       0x30 /Applications/CrossWorks for ARM 3.1/lib/libm_v7m_t_le_eabi.a(libm_asm.o)
                0x08003680                __aeabi_fcmpgt
 .text.libc.__aeabi_fcmpge
                0x080036b0       0x34 /Applications/CrossWorks for ARM 3.1/lib/libm_v7m_t_le_eabi.a(libm_asm.o)
                0x080036b0                __aeabi_fcmpge
 .text.libc.__float64_add
                0x080036e4      0x294 /Applications/CrossWorks for ARM 3.1/lib/libm_v7m_t_le_eabi.a(libm_asm.o)
                0x080036e4                __aeabi_drsub
                0x080036ec                __float64_sub
                0x080036ec                __aeabi_dsub
                0x080036ec                __subdf3
                0x080036f0                __aeabi_dadd
                0x080036f0                __float64_add
                0x080036f0                __adddf3
 .text.libc.__float64_mul
                0x08003978      0x16c /Applications/CrossWorks for ARM 3.1/lib/libm_v7m_t_le_eabi.a(libm_asm.o)
                0x08003978                __aeabi_dmul
                0x08003978                __float64_mul
                0x08003978                __muldf3
 .text.libc.__float64_cmplt
                0x08003ae4       0x38 /Applications/CrossWorks for ARM 3.1/lib/libm_v7m_t_le_eabi.a(libm_asm.o)
                0x08003ae4                __aeabi_dcmplt
 .text.libc.__float64_cmpgt
                0x08003b1c       0x38 /Applications/CrossWorks for ARM 3.1/lib/libm_v7m_t_le_eabi.a(libm_asm.o)
                0x08003b1c                __aeabi_dcmpgt
 *fill*         0x08003b54        0x4 
 .text.libc.cos
                0x08003b58      0x1c8 /Applications/CrossWorks for ARM 3.1/lib/libm_v7m_t_le_eabi.a(libm2.o)
                0x08003b58                cos
 .text.libc.sin
                0x08003d20      0x1c8 /Applications/CrossWorks for ARM 3.1/lib/libm_v7m_t_le_eabi.a(libm2.o)
                0x08003d20                sin
 .text.libc.fabs
                0x08003ee8        0x8 /Applications/CrossWorks for ARM 3.1/lib/libm_v7m_t_le_eabi.a(libm2_asm.o)
                0x08003ee8                fabs
 .text.libc.floorf
                0x08003ef0       0x5c /Applications/CrossWorks for ARM 3.1/lib/libm_v7m_t_le_eabi.a(libm2_asm.o)
                0x08003ef0                floorf
 .text.libc.abs
                0x08003f4c        0x8 /Applications/CrossWorks for ARM 3.1/lib/libc_v7m_t_le_eabi.a(libc2.o)
                0x08003f4c                abs
 .text.libc.atexit
                0x08003f54       0x24 /Applications/CrossWorks for ARM 3.1/lib/libc_v7m_t_le_eabi.a(libc2.o)
                0x08003f54                atexit
 .text.libc.memset
                0x08003f78       0x70 /Applications/CrossWorks for ARM 3.1/lib/libc_v7m_t_le_eabi.a(libc2_asm.o)
                0x08003f78                memset
 .text.libcpp.__aeabi_atexit
                0x08003fe8        0xc /Applications/CrossWorks for ARM 3.1/lib/libcpp_v7m_t_le_eabi.a(__aeabi_atexit.o)
                0x08003fe8                __aeabi_atexit
                0x08003ff4                __text_end__ = (__text_start__ + SIZEOF (.text))
                0x08003ff4                __text_load_end__ = __text_end__

.vfp11_veneer   0x00000000        0x0
 .vfp11_veneer  0x00000000        0x0 linker stubs

.v4_bx          0x00000000        0x0
 .v4_bx         0x00000000        0x0 linker stubs

.iplt           0x00000000        0x0
 .iplt          0x00000000        0x0 coCPU_firmware THUMB Debug/misc.o
                0x00000001                . = ASSERT (((__text_start__ == __text_end__) || ((__text_end__ >= __FLASH_segment_start__) && (__text_end__ <= __FLASH_segment_end__))), error: .text is too large to fit in FLASH memory segment)
                0x08003ff4                __dtors_load_start__ = ALIGN (__text_end__, 0x4)

.dtors          0x08003ff4        0x0
                0x08003ff4                __dtors_start__ = .
 *(SORT(.dtors.*))
 *(.dtors)
 *(.fini_array .fini_array.*)
                0x08003ff4                __dtors_end__ = (__dtors_start__ + SIZEOF (.dtors))
                0x08003ff4                __dtors_load_end__ = __dtors_end__
                0x00000001                . = ASSERT (((__dtors_start__ == __dtors_end__) || ((__dtors_end__ >= __FLASH_segment_start__) && (__dtors_end__ <= __FLASH_segment_end__))), error: .dtors is too large to fit in FLASH memory segment)
                0x08003ff4                __ctors_load_start__ = ALIGN (__dtors_end__, 0x4)

.ctors          0x08003ff4        0x4
                0x08003ff4                __ctors_start__ = .
 *(SORT(.ctors.*))
 *(.ctors)
 *(.init_array .init_array.*)
 .init_array    0x08003ff4        0x4 coCPU_firmware THUMB Debug/gfx_3d.o
                0x08003ff8                __ctors_end__ = (__ctors_start__ + SIZEOF (.ctors))
                0x08003ff8                __ctors_load_end__ = __ctors_end__
                0x00000001                . = ASSERT (((__ctors_start__ == __ctors_end__) || ((__ctors_end__ >= __FLASH_segment_start__) && (__ctors_end__ <= __FLASH_segment_end__))), error: .ctors is too large to fit in FLASH memory segment)
                0x08003ff8                __rodata_load_start__ = ALIGN (__ctors_end__, 0x4)

.rodata         0x08003ff8     0x231c
                0x08003ff8                __rodata_start__ = .
 *(.rodata .rodata.* .gnu.linkonce.r.*)
 .rodata._ZL12font_default
                0x08003ff8      0x28c coCPU_firmware THUMB Debug/gfx_2d.o
 .rodata._ZL11framemask_1
                0x08004284      0x100 coCPU_firmware THUMB Debug/linkport.o
 .rodata._ZL11framemask_2
                0x08004384      0x780 coCPU_firmware THUMB Debug/linkport.o
 .rodata._ZL4img1
                0x08004b04     0x1800 coCPU_firmware THUMB Debug/main.o
 .rodata.str1.4
                0x08006304       0x10 coCPU_firmware THUMB Debug/main.o
                0x08006314                __rodata_end__ = (__rodata_start__ + SIZEOF (.rodata))
                0x08006314                __rodata_load_end__ = __rodata_end__

.rel.dyn        0x08000000        0x0
 .rel.iplt      0x00000000        0x0 coCPU_firmware THUMB Debug/misc.o
                0x00000001                . = ASSERT (((__rodata_start__ == __rodata_end__) || ((__rodata_end__ >= __FLASH_segment_start__) && (__rodata_end__ <= __FLASH_segment_end__))), error: .rodata is too large to fit in FLASH memory segment)
                0x08006314                __ARM.exidx_load_start__ = ALIGN (__rodata_end__, 0x4)

.ARM.exidx      0x08006314        0x0
                0x08006314                __ARM.exidx_start__ = .
                0x08006314                __exidx_start = __ARM.exidx_start__
 *(.ARM.exidx .ARM.exidx.*)
                0x08006314                __ARM.exidx_end__ = (__ARM.exidx_start__ + SIZEOF (.ARM.exidx))
                0x08006314                __exidx_end = __ARM.exidx_end__
                0x08006314                __ARM.exidx_load_end__ = __ARM.exidx_end__
                0x00000001                . = ASSERT (((__ARM.exidx_start__ == __ARM.exidx_end__) || ((__ARM.exidx_end__ >= __FLASH_segment_start__) && (__ARM.exidx_end__ <= __FLASH_segment_end__))), error: .ARM.exidx is too large to fit in FLASH memory segment)
                0x08006314                __fast_load_start__ = ALIGN (__ARM.exidx_end__, 0x4)

.fast           0x20000000        0x0 load address 0x08006314
                0x20000000                __fast_start__ = .
 *(.fast .fast.*)
                0x20000000                __fast_end__ = (__fast_start__ + SIZEOF (.fast))
                0x08006314                __fast_load_end__ = (__fast_load_start__ + SIZEOF (.fast))
                0x00000001                . = ASSERT (((__fast_load_start__ == __fast_load_end__) || ((__fast_load_end__ >= __FLASH_segment_start__) && (__fast_load_end__ <= __FLASH_segment_end__))), error: .fast is too large to fit in FLASH memory segment)

.fast_run       0x20000000        0x0
                0x20000000                __fast_run_start__ = .
                0x20000000                . = MAX ((__fast_run_start__ + SIZEOF (.fast)), .)
                0x20000000                __fast_run_end__ = (__fast_run_start__ + SIZEOF (.fast_run))
                0x20000000                __fast_run_load_end__ = __fast_run_end__
                0x00000001                . = ASSERT (((__fast_run_start__ == __fast_run_end__) || ((__fast_run_end__ >= __RAM_segment_start__) && (__fast_run_end__ <= __RAM_segment_end__))), error: .fast_run is too large to fit in RAM memory segment)
                0x08006314                __data_load_start__ = ALIGN ((__fast_load_start__ + SIZEOF (.fast)), 0x4)

.data           0x20000000      0x228 load address 0x08006314
                0x20000000                __data_start__ = .
 *(.data .data.* .gnu.linkonce.d.*)
 .data.ADCPrescTable
                0x20000000        0x4 coCPU_firmware THUMB Debug/stm32f10x_rcc.o
 .data.APBAHBPrescTable
                0x20000004       0x10 coCPU_firmware THUMB Debug/stm32f10x_rcc.o
 .data.polygon_buffer_next_ID
                0x20000014        0x4 coCPU_firmware THUMB Debug/gfx_3d.o
                0x20000014                polygon_buffer_next_ID
 .data.rotation
                0x20000018       0x18 coCPU_firmware THUMB Debug/gfx_3d.o
                0x20000018                rotation
 .data.password
                0x20000030        0xc coCPU_firmware THUMB Debug/linkport.o
                0x20000030                password
 .data.prgm_header
                0x2000003c        0xc coCPU_firmware THUMB Debug/linkport.o
                0x2000003c                prgm_header
 .data.transferdelay
                0x20000048        0x1 coCPU_firmware THUMB Debug/linkport.o
                0x20000048                transferdelay
 *fill*         0x20000049        0x3 
 .data.os_image
                0x2000004c      0x1dc coCPU_firmware THUMB Debug/linkport.o
                0x2000004c                os_image
                0x20000228                __data_end__ = (__data_start__ + SIZEOF (.data))
                0x0800653c                __data_load_end__ = (__data_load_start__ + SIZEOF (.data))

.igot.plt       0x00000000        0x0
 .igot.plt      0x00000000        0x0 coCPU_firmware THUMB Debug/misc.o
                0x00000001                . = ASSERT (((__data_load_start__ == __data_load_end__) || ((__data_load_end__ >= __FLASH_segment_start__) && (__data_load_end__ <= __FLASH_segment_end__))), error: .data is too large to fit in FLASH memory segment)

.data_run       0x20000000      0x228 load address 0x08006314
                0x20000000                __data_run_start__ = .
                0x20000228                . = MAX ((__data_run_start__ + SIZEOF (.data)), .)
 *fill*         0x20000000      0x228 
                0x20000228                __data_run_end__ = (__data_run_start__ + SIZEOF (.data_run))
                0x20000228                __data_run_load_end__ = __data_run_end__
                0x00000001                . = ASSERT (((__data_run_start__ == __data_run_end__) || ((__data_run_end__ >= __RAM_segment_start__) && (__data_run_end__ <= __RAM_segment_end__))), error: .data_run is too large to fit in RAM memory segment)
                0x0800653c                __tdata_load_start__ = ALIGN ((__data_load_start__ + SIZEOF (.data)), 0x4)

.tdata          0x20000228        0x0 load address 0x0800653c
                0x20000228                __tdata_start__ = .
 *(.tdata .tdata.*)
                0x20000228                __tdata_end__ = (__tdata_start__ + SIZEOF (.tdata))
                0x0800653c                __tdata_load_end__ = (__tdata_load_start__ + SIZEOF (.tdata))
                0x0800653c                __FLASH_segment_used_end__ = (ALIGN ((__data_load_start__ + SIZEOF (.data)), 0x4) + SIZEOF (.tdata))
                0x00000001                . = ASSERT (((__tdata_load_start__ == __tdata_load_end__) || ((__tdata_load_end__ >= __FLASH_segment_start__) && (__tdata_load_end__ <= __FLASH_segment_end__))), error: .tdata is too large to fit in FLASH memory segment)

.tdata_run      0x20000228        0x0
                0x20000228                __tdata_run_start__ = .
                0x20000228                . = MAX ((__tdata_run_start__ + SIZEOF (.tdata)), .)
                0x20000228                __tdata_run_end__ = (__tdata_run_start__ + SIZEOF (.tdata_run))
                0x20000228                __tdata_run_load_end__ = __tdata_run_end__
                0x00000001                . = ASSERT (((__tdata_run_start__ == __tdata_run_end__) || ((__tdata_run_end__ >= __RAM_segment_start__) && (__tdata_run_end__ <= __RAM_segment_end__))), error: .tdata_run is too large to fit in RAM memory segment)
                0x20000228                __bss_load_start__ = ALIGN (__tdata_run_end__, 0x4)

.bss            0x20000228     0x2084
                0x20000228                __bss_start__ = .
 *(.bss .bss.* .gnu.linkonce.b.*)
 .bss.polygon_buffer_next_entry
                0x20000228        0x2 coCPU_firmware THUMB Debug/gfx_3d.o
                0x20000228                polygon_buffer_next_entry
 *fill*         0x2000022a        0x2 
 .bss.polygon_buffer
                0x2000022c      0x44c coCPU_firmware THUMB Debug/gfx_3d.o
                0x2000022c                polygon_buffer
 .bss.cam1      0x20000678       0x24 coCPU_firmware THUMB Debug/gfx_3d.o
                0x20000678                cam1
 .bss.cube      0x2000069c       0x60 coCPU_firmware THUMB Debug/gfx_3d.o
                0x2000069c                cube
 *fill*         0x200006fc        0x4 
 .bss.keys      0x20000700        0x8 coCPU_firmware THUMB Debug/linkport.o
                0x20000700                keys
 .bss.framebuffer_now
                0x20000708      0x300 coCPU_firmware THUMB Debug/linkport.o
                0x20000708                framebuffer_now
 .bss.framecount
                0x20000a08        0x4 coCPU_firmware THUMB Debug/linkport.o
                0x20000a08                framecount
 .bss.framebuffer
                0x20000a0c     0x1800 coCPU_firmware THUMB Debug/linkport.o
                0x20000a0c                framebuffer
 .bss.return_to_tios
                0x2000220c        0x4 coCPU_firmware THUMB Debug/linkport.o
                0x2000220c                return_to_tios
 .bss.ClksFreq  0x20002210       0x14 coCPU_firmware THUMB Debug/main.o
                0x20002210                ClksFreq
 .bss.libc.atexitfn_count
                0x20002224        0x4 /Applications/CrossWorks for ARM 3.1/lib/libc_v7m_t_le_eabi.a(libc2.o)
 .bss.libc.__atexitfns
                0x20002228       0x80 /Applications/CrossWorks for ARM 3.1/lib/libc_v7m_t_le_eabi.a(libc2.o)
 .bss.libcpp.__dso_handle
                0x200022a8        0x4 /Applications/CrossWorks for ARM 3.1/lib/libcpp_v7m_t_le_eabi.a(__cxa_atexit.o)
                0x200022a8                __dso_handle
 *(COMMON)
                0x200022ac                __bss_end__ = (__bss_start__ + SIZEOF (.bss))
                0x200022ac                __bss_load_end__ = __bss_end__
                0x00000001                . = ASSERT (((__bss_start__ == __bss_end__) || ((__bss_end__ >= __RAM_segment_start__) && (__bss_end__ <= __RAM_segment_end__))), error: .bss is too large to fit in RAM memory segment)
                0x200022ac                __tbss_load_start__ = ALIGN (__bss_end__, 0x4)

.tbss           0x200022ac        0x0
                0x200022ac                __tbss_start__ = .
 *(.tbss .tbss.*)
                0x200022ac                __tbss_end__ = (__tbss_start__ + SIZEOF (.tbss))
                0x200022ac                __tbss_load_end__ = __tbss_end__
                0x00000001                . = ASSERT (((__tbss_start__ == __tbss_end__) || ((__tbss_end__ >= __RAM_segment_start__) && (__tbss_end__ <= __RAM_segment_end__))), error: .tbss is too large to fit in RAM memory segment)
                0x200022ac                __non_init_load_start__ = ALIGN (__tbss_end__, 0x4)

.non_init       0x200022ac        0x0
                0x200022ac                __non_init_start__ = .
 *(.non_init .non_init.*)
                0x200022ac                __non_init_end__ = (__non_init_start__ + SIZEOF (.non_init))
                0x200022ac                __non_init_load_end__ = __non_init_end__
                0x00000001                . = ASSERT (((__non_init_start__ == __non_init_end__) || ((__non_init_end__ >= __RAM_segment_start__) && (__non_init_end__ <= __RAM_segment_end__))), error: .non_init is too large to fit in RAM memory segment)
                0x200022ac                __heap_load_start__ = ALIGN (__non_init_end__, 0x4)

.heap           0x200022ac       0x80
                0x200022ac                __heap_start__ = .
 *(.heap .heap.*)
                0x2000232c                . = ALIGN (MAX ((__heap_start__ + __HEAPSIZE__), .), 0x4)
 *fill*         0x200022ac       0x80 
                0x2000232c                __heap_end__ = (__heap_start__ + SIZEOF (.heap))
                0x2000232c                __heap_load_end__ = __heap_end__
                0x00000001                . = ASSERT (((__heap_start__ == __heap_end__) || ((__heap_end__ >= __RAM_segment_start__) && (__heap_end__ <= __RAM_segment_end__))), error: .heap is too large to fit in RAM memory segment)
                0x20002330                __stack_load_start__ = ALIGN (__heap_end__, 0x8)

.stack          0x20002330      0x100
                0x20002330                __stack_start__ = .
 *(.stack .stack.*)
                0x20002430                . = ALIGN (MAX ((__stack_start__ + __STACKSIZE__), .), 0x8)
 *fill*         0x20002330      0x100 
                0x20002430                __stack_end__ = (__stack_start__ + SIZEOF (.stack))
                0x20002430                __stack_load_end__ = __stack_end__
                0x00000001                . = ASSERT (((__stack_start__ == __stack_end__) || ((__stack_end__ >= __RAM_segment_start__) && (__stack_end__ <= __RAM_segment_end__))), error: .stack is too large to fit in RAM memory segment)
                0x20002430                __stack_process_load_start__ = ALIGN (__stack_end__, 0x8)

.stack_process  0x20002430        0x0
                0x20002430                __stack_process_start__ = .
 *(.stack_process .stack_process.*)
                0x20002430                . = ALIGN (MAX ((__stack_process_start__ + __STACKSIZE_PROCESS__), .), 0x8)
                0x20002430                __stack_process_end__ = (__stack_process_start__ + SIZEOF (.stack_process))
                0x20002430                __stack_process_load_end__ = __stack_process_end__
                0x20002430                __RAM_segment_used_end__ = (ALIGN (__stack_end__, 0x8) + SIZEOF (.stack_process))
                0x00000001                . = ASSERT (((__stack_process_start__ == __stack_process_end__) || ((__stack_process_end__ >= __RAM_segment_start__) && (__stack_process_end__ <= __RAM_segment_end__))), error: .stack_process is too large to fit in RAM memory segment)
START GROUP
LOAD coCPU_firmware THUMB Debug/misc.o
LOAD coCPU_firmware THUMB Debug/stm32f10x_adc.o
LOAD coCPU_firmware THUMB Debug/stm32f10x_bkp.o
LOAD coCPU_firmware THUMB Debug/stm32f10x_can.o
LOAD coCPU_firmware THUMB Debug/stm32f10x_cec.o
LOAD coCPU_firmware THUMB Debug/stm32f10x_crc.o
LOAD coCPU_firmware THUMB Debug/stm32f10x_dac.o
LOAD coCPU_firmware THUMB Debug/stm32f10x_dbgmcu.o
LOAD coCPU_firmware THUMB Debug/stm32f10x_dma.o
LOAD coCPU_firmware THUMB Debug/stm32f10x_exti.o
LOAD coCPU_firmware THUMB Debug/stm32f10x_flash.o
LOAD coCPU_firmware THUMB Debug/stm32f10x_fsmc.o
LOAD coCPU_firmware THUMB Debug/stm32f10x_gpio.o
LOAD coCPU_firmware THUMB Debug/stm32f10x_i2c.o
LOAD coCPU_firmware THUMB Debug/stm32f10x_iwdg.o
LOAD coCPU_firmware THUMB Debug/stm32f10x_pwr.o
LOAD coCPU_firmware THUMB Debug/stm32f10x_rcc.o
LOAD coCPU_firmware THUMB Debug/stm32f10x_rtc.o
LOAD coCPU_firmware THUMB Debug/stm32f10x_sdio.o
LOAD coCPU_firmware THUMB Debug/stm32f10x_spi.o
LOAD coCPU_firmware THUMB Debug/stm32f10x_tim.o
LOAD coCPU_firmware THUMB Debug/stm32f10x_usart.o
LOAD coCPU_firmware THUMB Debug/stm32f10x_wwdg.o
LOAD coCPU_firmware THUMB Debug/system_stm32f10x.o
LOAD coCPU_firmware THUMB Debug/gfx_2d.o
LOAD coCPU_firmware THUMB Debug/gfx_3d.o
LOAD coCPU_firmware THUMB Debug/hw_control.o
LOAD coCPU_firmware THUMB Debug/linkport.o
LOAD coCPU_firmware THUMB Debug/main.o
LOAD coCPU_firmware THUMB Debug/thumb_crt0.o
LOAD coCPU_firmware THUMB Debug/STM32_Startup.o
LOAD /Applications/CrossWorks for ARM 3.1/lib/libcm_v7m_t_le_eabi.a
LOAD /Applications/CrossWorks for ARM 3.1/lib/libdebugio_mempoll_v7m_t_le_eabi.a
LOAD /Applications/CrossWorks for ARM 3.1/lib/libm_v7m_t_le_eabi.a
LOAD /Applications/CrossWorks for ARM 3.1/lib/libc_v7m_t_le_eabi.a
LOAD /Applications/CrossWorks for ARM 3.1/lib/libcpp_v7m_t_le_eabi.a
LOAD /Applications/CrossWorks for ARM 3.1/lib/libdebugio_v7m_t_le_eabi.a
LOAD /Applications/CrossWorks for ARM 3.1/lib/lib_vfprintf_float_long_long_v7m_t_le_eabi.a
LOAD /Applications/CrossWorks for ARM 3.1/lib/lib_vfscanf_float_long_long_cc_v7m_t_le_eabi.a
LOAD /Applications/CrossWorks for ARM 3.1/lib/libc_user_libc_v7m_t_le_eabi.a
END GROUP
OUTPUT(coCPU_firmware THUMB Debug/coCPU_firmware.elf elf32-littlearm)

.debug_frame    0x00000000     0x54dc
 .debug_frame   0x00000000      0x244 coCPU_firmware THUMB Debug/stm32f10x_flash.o
 .debug_frame   0x00000244      0x16c coCPU_firmware THUMB Debug/stm32f10x_gpio.o
 .debug_frame   0x000003b0      0x224 coCPU_firmware THUMB Debug/stm32f10x_rcc.o
 .debug_frame   0x000005d4       0x40 coCPU_firmware THUMB Debug/system_stm32f10x.o
 .debug_frame   0x00000614      0x1dc coCPU_firmware THUMB Debug/gfx_2d.o
 .debug_frame   0x000007f0      0x3e0 coCPU_firmware THUMB Debug/gfx_3d.o
 .debug_frame   0x00000bd0       0x8c coCPU_firmware THUMB Debug/hw_control.o
 .debug_frame   0x00000c5c      0x1dc coCPU_firmware THUMB Debug/linkport.o
 .debug_frame   0x00000e38       0x74 coCPU_firmware THUMB Debug/main.o
 .debug_frame   0x00000eac      0x640 /Applications/CrossWorks for ARM 3.1/lib/libm_v7m_t_le_eabi.a(libm_asm.o)
 .debug_frame   0x000014ec      0x9a0 /Applications/CrossWorks for ARM 3.1/lib/libm_v7m_t_le_eabi.a(libm2.o)
 .debug_frame   0x00001e8c       0xc0 /Applications/CrossWorks for ARM 3.1/lib/libm_v7m_t_le_eabi.a(libm2_asm.o)
 .debug_frame   0x00001f4c     0x3418 /Applications/CrossWorks for ARM 3.1/lib/libc_v7m_t_le_eabi.a(libc2.o)
 .debug_frame   0x00005364      0x120 /Applications/CrossWorks for ARM 3.1/lib/libc_v7m_t_le_eabi.a(libc2_asm.o)
 .debug_frame   0x00005484       0x2c /Applications/CrossWorks for ARM 3.1/lib/libcpp_v7m_t_le_eabi.a(__aeabi_atexit.o)
 .debug_frame   0x000054b0       0x2c /Applications/CrossWorks for ARM 3.1/lib/libcpp_v7m_t_le_eabi.a(__cxa_atexit.o)

.debug_info     0x00000000     0xae29
 .debug_info    0x00000000     0x1711 coCPU_firmware THUMB Debug/stm32f10x_flash.o
 .debug_info    0x00001711      0x851 coCPU_firmware THUMB Debug/stm32f10x_gpio.o
 .debug_info    0x00001f62      0x8fd coCPU_firmware THUMB Debug/stm32f10x_rcc.o
 .debug_info    0x0000285f      0x46b coCPU_firmware THUMB Debug/system_stm32f10x.o
 .debug_info    0x00002cca     0x18b3 coCPU_firmware THUMB Debug/gfx_2d.o
 .debug_info    0x0000457d     0x15ba coCPU_firmware THUMB Debug/gfx_3d.o
 .debug_info    0x00005b37      0x340 coCPU_firmware THUMB Debug/hw_control.o
 .debug_info    0x00005e77     0x21f6 coCPU_firmware THUMB Debug/linkport.o
 .debug_info    0x0000806d      0x7c2 coCPU_firmware THUMB Debug/main.o
 .debug_info    0x0000882f       0xa3 coCPU_firmware THUMB Debug/thumb_crt0.o
 .debug_info    0x000088d2       0xd5 coCPU_firmware THUMB Debug/STM32_Startup.o
 .debug_info    0x000089a7      0x4c4 /Applications/CrossWorks for ARM 3.1/lib/libm_v7m_t_le_eabi.a(libm2.o)
 .debug_info    0x00008e6b     0x1f60 /Applications/CrossWorks for ARM 3.1/lib/libc_v7m_t_le_eabi.a(libc2.o)
 .debug_info    0x0000adcb       0x2f /Applications/CrossWorks for ARM 3.1/lib/libcpp_v7m_t_le_eabi.a(__aeabi_atexit.o)
 .debug_info    0x0000adfa       0x2f /Applications/CrossWorks for ARM 3.1/lib/libcpp_v7m_t_le_eabi.a(__cxa_atexit.o)

.debug_abbrev   0x00000000     0x19e7
 .debug_abbrev  0x00000000      0x223 coCPU_firmware THUMB Debug/stm32f10x_flash.o
 .debug_abbrev  0x00000223      0x206 coCPU_firmware THUMB Debug/stm32f10x_gpio.o
 .debug_abbrev  0x00000429      0x258 coCPU_firmware THUMB Debug/stm32f10x_rcc.o
 .debug_abbrev  0x00000681      0x16f coCPU_firmware THUMB Debug/system_stm32f10x.o
 .debug_abbrev  0x000007f0      0x35a coCPU_firmware THUMB Debug/gfx_2d.o
 .debug_abbrev  0x00000b4a      0x55a coCPU_firmware THUMB Debug/gfx_3d.o
 .debug_abbrev  0x000010a4      0x1a4 coCPU_firmware THUMB Debug/hw_control.o
 .debug_abbrev  0x00001248      0x351 coCPU_firmware THUMB Debug/linkport.o
 .debug_abbrev  0x00001599      0x27f coCPU_firmware THUMB Debug/main.o
 .debug_abbrev  0x00001818       0x14 coCPU_firmware THUMB Debug/thumb_crt0.o
 .debug_abbrev  0x0000182c       0x14 coCPU_firmware THUMB Debug/STM32_Startup.o
 .debug_abbrev  0x00001840       0x9d /Applications/CrossWorks for ARM 3.1/lib/libm_v7m_t_le_eabi.a(libm2.o)
 .debug_abbrev  0x000018dd       0xbe /Applications/CrossWorks for ARM 3.1/lib/libc_v7m_t_le_eabi.a(libc2.o)
 .debug_abbrev  0x0000199b       0x26 /Applications/CrossWorks for ARM 3.1/lib/libcpp_v7m_t_le_eabi.a(__aeabi_atexit.o)
 .debug_abbrev  0x000019c1       0x26 /Applications/CrossWorks for ARM 3.1/lib/libcpp_v7m_t_le_eabi.a(__cxa_atexit.o)

.debug_loc      0x00000000     0xb4f9
 .debug_loc     0x00000000     0x28c2 coCPU_firmware THUMB Debug/stm32f10x_flash.o
 .debug_loc     0x000028c2     0x155c coCPU_firmware THUMB Debug/stm32f10x_gpio.o
 .debug_loc     0x00003e1e      0x78d coCPU_firmware THUMB Debug/stm32f10x_rcc.o
 .debug_loc     0x000045ab       0xc1 coCPU_firmware THUMB Debug/system_stm32f10x.o
 .debug_loc     0x0000466c     0x472a coCPU_firmware THUMB Debug/gfx_2d.o
 .debug_loc     0x00008d96     0x1462 coCPU_firmware THUMB Debug/gfx_3d.o
 .debug_loc     0x0000a1f8     0x1205 coCPU_firmware THUMB Debug/linkport.o
 .debug_loc     0x0000b3fd       0xfc coCPU_firmware THUMB Debug/main.o

.debug_aranges  0x00000000     0x1668
 .debug_aranges
                0x00000000       0xf8 coCPU_firmware THUMB Debug/stm32f10x_flash.o
 .debug_aranges
                0x000000f8       0xa8 coCPU_firmware THUMB Debug/stm32f10x_gpio.o
 .debug_aranges
                0x000001a0      0x118 coCPU_firmware THUMB Debug/stm32f10x_rcc.o
 .debug_aranges
                0x000002b8       0x28 coCPU_firmware THUMB Debug/system_stm32f10x.o
 .debug_aranges
                0x000002e0       0x70 coCPU_firmware THUMB Debug/gfx_2d.o
 .debug_aranges
                0x00000350       0xf0 coCPU_firmware THUMB Debug/gfx_3d.o
 .debug_aranges
                0x00000440       0x48 coCPU_firmware THUMB Debug/hw_control.o
 .debug_aranges
                0x00000488       0x80 coCPU_firmware THUMB Debug/linkport.o
 .debug_aranges
                0x00000508       0x30 coCPU_firmware THUMB Debug/main.o
 .debug_aranges
                0x00000538       0x20 coCPU_firmware THUMB Debug/thumb_crt0.o
 .debug_aranges
                0x00000558       0x20 coCPU_firmware THUMB Debug/STM32_Startup.o
 .debug_aranges
                0x00000578      0x218 /Applications/CrossWorks for ARM 3.1/lib/libm_v7m_t_le_eabi.a(libm2.o)
 .debug_aranges
                0x00000790      0xe98 /Applications/CrossWorks for ARM 3.1/lib/libc_v7m_t_le_eabi.a(libc2.o)
 .debug_aranges
                0x00001628       0x20 /Applications/CrossWorks for ARM 3.1/lib/libcpp_v7m_t_le_eabi.a(__aeabi_atexit.o)
 .debug_aranges
                0x00001648       0x20 /Applications/CrossWorks for ARM 3.1/lib/libcpp_v7m_t_le_eabi.a(__cxa_atexit.o)

.debug_ranges   0x00000000     0x3250
 .debug_ranges  0x00000000      0xc88 coCPU_firmware THUMB Debug/stm32f10x_flash.o
 .debug_ranges  0x00000c88       0x98 coCPU_firmware THUMB Debug/stm32f10x_gpio.o
 .debug_ranges  0x00000d20      0x120 coCPU_firmware THUMB Debug/stm32f10x_rcc.o
 .debug_ranges  0x00000e40       0x40 coCPU_firmware THUMB Debug/system_stm32f10x.o
 .debug_ranges  0x00000e80      0xa08 coCPU_firmware THUMB Debug/gfx_2d.o
 .debug_ranges  0x00001888      0x560 coCPU_firmware THUMB Debug/gfx_3d.o
 .debug_ranges  0x00001de8       0x80 coCPU_firmware THUMB Debug/hw_control.o
 .debug_ranges  0x00001e68      0x2c8 coCPU_firmware THUMB Debug/linkport.o
 .debug_ranges  0x00002130       0x70 coCPU_firmware THUMB Debug/main.o
 .debug_ranges  0x000021a0      0x208 /Applications/CrossWorks for ARM 3.1/lib/libm_v7m_t_le_eabi.a(libm2.o)
 .debug_ranges  0x000023a8      0xe88 /Applications/CrossWorks for ARM 3.1/lib/libc_v7m_t_le_eabi.a(libc2.o)
 .debug_ranges  0x00003230       0x10 /Applications/CrossWorks for ARM 3.1/lib/libcpp_v7m_t_le_eabi.a(__aeabi_atexit.o)
 .debug_ranges  0x00003240       0x10 /Applications/CrossWorks for ARM 3.1/lib/libcpp_v7m_t_le_eabi.a(__cxa_atexit.o)

.debug_macro    0x00000000     0x2ba4
 .debug_macro   0x00000000      0x1dd coCPU_firmware THUMB Debug/stm32f10x_flash.o
 .debug_macro   0x000001dd      0x2c9 coCPU_firmware THUMB Debug/stm32f10x_flash.o
 .debug_macro   0x000004a6      0x183 coCPU_firmware THUMB Debug/stm32f10x_gpio.o
 .debug_macro   0x00000629      0x2a6 coCPU_firmware THUMB Debug/stm32f10x_gpio.o
 .debug_macro   0x000008cf      0x251 coCPU_firmware THUMB Debug/stm32f10x_rcc.o
 .debug_macro   0x00000b20      0x3dc coCPU_firmware THUMB Debug/stm32f10x_rcc.o
 .debug_macro   0x00000efc       0x65 coCPU_firmware THUMB Debug/system_stm32f10x.o
 .debug_macro   0x00000f61      0x179 coCPU_firmware THUMB Debug/gfx_2d.o
 .debug_macro   0x000010da      0x886 coCPU_firmware THUMB Debug/gfx_2d.o
 .debug_macro   0x00001960      0xa8b coCPU_firmware THUMB Debug/gfx_2d.o
 .debug_macro   0x000023eb       0x82 coCPU_firmware THUMB Debug/gfx_2d.o
 .debug_macro   0x0000246d       0x6a coCPU_firmware THUMB Debug/gfx_2d.o
 .debug_macro   0x000024d7       0x89 coCPU_firmware THUMB Debug/gfx_2d.o
 .debug_macro   0x00002560       0x28 coCPU_firmware THUMB Debug/gfx_2d.o
 .debug_macro   0x00002588      0x183 coCPU_firmware THUMB Debug/gfx_3d.o
 .debug_macro   0x0000270b       0x88 coCPU_firmware THUMB Debug/gfx_3d.o
 .debug_macro   0x00002793       0x79 coCPU_firmware THUMB Debug/hw_control.o
 .debug_macro   0x0000280c       0x2e coCPU_firmware THUMB Debug/hw_control.o
 .debug_macro   0x0000283a      0x14e coCPU_firmware THUMB Debug/linkport.o
 .debug_macro   0x00002988      0x1a5 coCPU_firmware THUMB Debug/main.o
 .debug_macro   0x00002b2d       0x55 coCPU_firmware THUMB Debug/main.o
 .debug_macro   0x00002b82       0x22 coCPU_firmware THUMB Debug/main.o

.debug_line     0x00000000     0x50d5
 .debug_line    0x00000000      0xb28 coCPU_firmware THUMB Debug/stm32f10x_flash.o
 .debug_line    0x00000b28      0x69c coCPU_firmware THUMB Debug/stm32f10x_gpio.o
 .debug_line    0x000011c4      0x65d coCPU_firmware THUMB Debug/stm32f10x_rcc.o
 .debug_line    0x00001821      0x260 coCPU_firmware THUMB Debug/system_stm32f10x.o
 .debug_line    0x00001a81      0xbd6 coCPU_firmware THUMB Debug/gfx_2d.o
 .debug_line    0x00002657      0xa13 coCPU_firmware THUMB Debug/gfx_3d.o
 .debug_line    0x0000306a      0x28c coCPU_firmware THUMB Debug/hw_control.o
 .debug_line    0x000032f6      0x83a coCPU_firmware THUMB Debug/linkport.o
 .debug_line    0x00003b30      0x4a3 coCPU_firmware THUMB Debug/main.o
 .debug_line    0x00003fd3      0x100 coCPU_firmware THUMB Debug/thumb_crt0.o
 .debug_line    0x000040d3       0xf8 coCPU_firmware THUMB Debug/STM32_Startup.o
 .debug_line    0x000041cb      0x332 /Applications/CrossWorks for ARM 3.1/lib/libm_v7m_t_le_eabi.a(libm2.o)
 .debug_line    0x000044fd      0xaf6 /Applications/CrossWorks for ARM 3.1/lib/libc_v7m_t_le_eabi.a(libc2.o)
 .debug_line    0x00004ff3       0x72 /Applications/CrossWorks for ARM 3.1/lib/libcpp_v7m_t_le_eabi.a(__aeabi_atexit.o)
 .debug_line    0x00005065       0x70 /Applications/CrossWorks for ARM 3.1/lib/libcpp_v7m_t_le_eabi.a(__cxa_atexit.o)

.debug_str      0x00000000    0x5281d
 .debug_str     0x00000000    0x4d7be coCPU_firmware THUMB Debug/stm32f10x_flash.o
                              0x4d869 (size before relaxing)
 .debug_str     0x0004d7be      0x598 coCPU_firmware THUMB Debug/stm32f10x_gpio.o
                              0x4d60e (size before relaxing)
 .debug_str     0x0004dd56      0xb4e coCPU_firmware THUMB Debug/stm32f10x_rcc.o
                              0x4dbdd (size before relaxing)
 .debug_str     0x0004e8a4      0x125 coCPU_firmware THUMB Debug/system_stm32f10x.o
                              0x324d1 (size before relaxing)
 .debug_str     0x0004e9c9      0xed4 coCPU_firmware THUMB Debug/gfx_2d.o
                              0x4dd5d (size before relaxing)
 .debug_str     0x0004f89d      0x54c coCPU_firmware THUMB Debug/gfx_3d.o
                              0x4e0a5 (size before relaxing)
 .debug_str     0x0004fde9      0x24f coCPU_firmware THUMB Debug/hw_control.o
                              0x36270 (size before relaxing)
 .debug_str     0x00050038      0x3cb coCPU_firmware THUMB Debug/linkport.o
                              0x4d9dd (size before relaxing)
 .debug_str     0x00050403      0x191 coCPU_firmware THUMB Debug/main.o
                              0x4df1c (size before relaxing)
 .debug_str     0x00050594      0x2ed /Applications/CrossWorks for ARM 3.1/lib/libm_v7m_t_le_eabi.a(libm2.o)
                                0x32d (size before relaxing)
 .debug_str     0x00050881     0x1d99 /Applications/CrossWorks for ARM 3.1/lib/libc_v7m_t_le_eabi.a(libc2.o)
                               0x1f03 (size before relaxing)
 .debug_str     0x0005261a      0x1a6 /Applications/CrossWorks for ARM 3.1/lib/libcpp_v7m_t_le_eabi.a(__aeabi_atexit.o)
                                0x1b5 (size before relaxing)
 .debug_str     0x000527c0       0x5d /Applications/CrossWorks for ARM 3.1/lib/libcpp_v7m_t_le_eabi.a(__cxa_atexit.o)
                                0x1b1 (size before relaxing)

.comment        0x00000000       0x4e
 .comment       0x00000000       0x4e coCPU_firmware THUMB Debug/stm32f10x_flash.o
                                 0x4f (size before relaxing)
 .comment       0x00000000       0x4f coCPU_firmware THUMB Debug/stm32f10x_gpio.o
 .comment       0x00000000       0x4f coCPU_firmware THUMB Debug/stm32f10x_rcc.o
 .comment       0x00000000       0x4f coCPU_firmware THUMB Debug/system_stm32f10x.o
 .comment       0x00000000       0x4f coCPU_firmware THUMB Debug/gfx_2d.o
 .comment       0x00000000       0x4f coCPU_firmware THUMB Debug/gfx_3d.o
 .comment       0x00000000       0x4f coCPU_firmware THUMB Debug/hw_control.o
 .comment       0x00000000       0x4f coCPU_firmware THUMB Debug/linkport.o
 .comment       0x00000000       0x4f coCPU_firmware THUMB Debug/main.o
 .comment       0x00000000       0x4f /Applications/CrossWorks for ARM 3.1/lib/libm_v7m_t_le_eabi.a(libm2.o)
 .comment       0x00000000       0x4f /Applications/CrossWorks for ARM 3.1/lib/libc_v7m_t_le_eabi.a(libc2.o)
 .comment       0x00000000       0x4f /Applications/CrossWorks for ARM 3.1/lib/libcpp_v7m_t_le_eabi.a(__aeabi_atexit.o)
 .comment       0x00000000       0x4f /Applications/CrossWorks for ARM 3.1/lib/libcpp_v7m_t_le_eabi.a(__cxa_atexit.o)

.ARM.attributes
                0x00000000       0x31
 .ARM.attributes
                0x00000000       0x33 coCPU_firmware THUMB Debug/stm32f10x_flash.o
 .ARM.attributes
                0x00000033       0x33 coCPU_firmware THUMB Debug/stm32f10x_gpio.o
 .ARM.attributes
                0x00000066       0x33 coCPU_firmware THUMB Debug/stm32f10x_rcc.o
 .ARM.attributes
                0x00000099       0x33 coCPU_firmware THUMB Debug/system_stm32f10x.o
 .ARM.attributes
                0x000000cc       0x33 coCPU_firmware THUMB Debug/gfx_2d.o
 .ARM.attributes
                0x000000ff       0x33 coCPU_firmware THUMB Debug/gfx_3d.o
 .ARM.attributes
                0x00000132       0x33 coCPU_firmware THUMB Debug/hw_control.o
 .ARM.attributes
                0x00000165       0x33 coCPU_firmware THUMB Debug/linkport.o
 .ARM.attributes
                0x00000198       0x33 coCPU_firmware THUMB Debug/main.o
 .ARM.attributes
                0x000001cb       0x21 coCPU_firmware THUMB Debug/thumb_crt0.o
 .ARM.attributes
                0x000001ec       0x21 coCPU_firmware THUMB Debug/STM32_Startup.o
 .ARM.attributes
                0x0000020d       0x1b /Applications/CrossWorks for ARM 3.1/lib/libm_v7m_t_le_eabi.a(libm_asm.o)
 .ARM.attributes
                0x00000228       0x2d /Applications/CrossWorks for ARM 3.1/lib/libm_v7m_t_le_eabi.a(libm2.o)
 .ARM.attributes
                0x00000255       0x1b /Applications/CrossWorks for ARM 3.1/lib/libm_v7m_t_le_eabi.a(libm2_asm.o)
 .ARM.attributes
                0x00000270       0x2d /Applications/CrossWorks for ARM 3.1/lib/libc_v7m_t_le_eabi.a(libc2.o)
 .ARM.attributes
                0x0000029d       0x1b /Applications/CrossWorks for ARM 3.1/lib/libc_v7m_t_le_eabi.a(libc2_asm.o)
 .ARM.attributes
                0x000002b8       0x2d /Applications/CrossWorks for ARM 3.1/lib/libcpp_v7m_t_le_eabi.a(__aeabi_atexit.o)
 .ARM.attributes
                0x000002e5       0x2d /Applications/CrossWorks for ARM 3.1/lib/libcpp_v7m_t_le_eabi.a(__cxa_atexit.o)
